Archive member included to satisfy reference by file (symbol)

app/libapp.a(main.c.obj)      (--whole-archive)
app/libapp.a(flash_map_extended.c.obj)
                              (--whole-archive)
app/libapp.a(os.c.obj)        (--whole-archive)
app/libapp.a(keys.c.obj)      (--whole-archive)
app/libapp.a(image_validate.c.obj)
                              (--whole-archive)
app/libapp.a(tlv.c.obj)       (--whole-archive)
app/libapp.a(encrypted.c.obj)
                              (--whole-archive)
app/libapp.a(image_rsa.c.obj)
                              (--whole-archive)
app/libapp.a(image_ec256.c.obj)
                              (--whole-archive)
app/libapp.a(image_ed25519.c.obj)
                              (--whole-archive)
app/libapp.a(bootutil_misc.c.obj)
                              (--whole-archive)
app/libapp.a(fault_injection_hardening.c.obj)
                              (--whole-archive)
app/libapp.a(loader.c.obj)    (--whole-archive)
app/libapp.a(swap_misc.c.obj)
                              (--whole-archive)
app/libapp.a(swap_scratch.c.obj)
                              (--whole-archive)
app/libapp.a(swap_move.c.obj)
                              (--whole-archive)
app/libapp.a(caps.c.obj)      (--whole-archive)
app/libapp.a(asn1parse.c.obj)
                              (--whole-archive)
app/libapp.a(platform_util.c.obj)
                              (--whole-archive)
app/libapp.a(cc310_glue.c.obj)
                              (--whole-archive)
app/libapp.a(autogen-pubkey.c.obj)
                              (--whole-archive)
app/libapp.a(nrf_cleanup.c.obj)
                              (--whole-archive)
zephyr/libzephyr.a(cbprintf.c.obj)
                              (--whole-archive)
zephyr/libzephyr.a(cbprintf_packaged.c.obj)
                              (--whole-archive)
zephyr/libzephyr.a(crc32c_sw.c.obj)
                              (--whole-archive)
zephyr/libzephyr.a(crc32_sw.c.obj)
                              (--whole-archive)
zephyr/libzephyr.a(crc16_sw.c.obj)
                              (--whole-archive)
zephyr/libzephyr.a(crc8_sw.c.obj)
                              (--whole-archive)
zephyr/libzephyr.a(crc7_sw.c.obj)
                              (--whole-archive)
zephyr/libzephyr.a(dec.c.obj)
                              (--whole-archive)
zephyr/libzephyr.a(fdtable.c.obj)
                              (--whole-archive)
zephyr/libzephyr.a(hex.c.obj)
                              (--whole-archive)
zephyr/libzephyr.a(notify.c.obj)
                              (--whole-archive)
zephyr/libzephyr.a(printk.c.obj)
                              (--whole-archive)
zephyr/libzephyr.a(onoff.c.obj)
                              (--whole-archive)
zephyr/libzephyr.a(rb.c.obj)  (--whole-archive)
zephyr/libzephyr.a(sem.c.obj)
                              (--whole-archive)
zephyr/libzephyr.a(thread_entry.c.obj)
                              (--whole-archive)
zephyr/libzephyr.a(timeutil.c.obj)
                              (--whole-archive)
zephyr/libzephyr.a(heap.c.obj)
                              (--whole-archive)
zephyr/libzephyr.a(heap-validate.c.obj)
                              (--whole-archive)
zephyr/libzephyr.a(bitarray.c.obj)
                              (--whole-archive)
zephyr/libzephyr.a(multi_heap.c.obj)
                              (--whole-archive)
zephyr/libzephyr.a(cbprintf_nano.c.obj)
                              (--whole-archive)
zephyr/libzephyr.a(ring_buffer.c.obj)
                              (--whole-archive)
zephyr/libzephyr.a(reboot.c.obj)
                              (--whole-archive)
zephyr/libzephyr.a(configs.c.obj)
                              (--whole-archive)
zephyr/libzephyr.a(soc_nrf_common.S.obj)
                              (--whole-archive)
zephyr/libzephyr.a(validate_base_addresses.c.obj)
                              (--whole-archive)
zephyr/libzephyr.a(validate_enabled_instances.c.obj)
                              (--whole-archive)
zephyr/libzephyr.a(log_minimal.c.obj)
                              (--whole-archive)
zephyr/libzephyr.a(flash_img.c.obj)
                              (--whole-archive)
zephyr/libzephyr.a(addr_utils.c.obj)
                              (--whole-archive)
zephyr/libzephyr.a(usb_device.c.obj)
                              (--whole-archive)
zephyr/libzephyr.a(usb_descriptor.c.obj)
                              (--whole-archive)
zephyr/libzephyr.a(usb_transfer.c.obj)
                              (--whole-archive)
zephyr/libzephyr.a(cdc_acm.c.obj)
                              (--whole-archive)
zephyr/libzephyr.a(usb_dfu.c.obj)
                              (--whole-archive)
zephyr/libzephyr.a(usb_work_q.c.obj)
                              (--whole-archive)
zephyr/libzephyr.a(flash_map.c.obj)
                              (--whole-archive)
zephyr/libzephyr.a(flash_map_layout.c.obj)
                              (--whole-archive)
zephyr/libzephyr.a(stream_flash.c.obj)
[...]
Memory Configuration

Name             Origin             Length             Attributes
FLASH            0x00000000         0x00010000         xr
SRAM             0x20000000         0x00040000         xw
IDT_LIST         0xfffff7ff         0x00000800         xw
*default*        0x00000000         0xffffffff

Linker script and memory map

LOAD zephyr/CMakeFiles/zephyr_pre1.dir/misc/empty_file.c.obj
LOAD zephyr/CMakeFiles/zephyr_pre1.dir/dev_handles.c.obj
                0x00000020                _region_min_align = 0x20

.rel.plt        0x00000000        0x0
 *(SORT_BY_ALIGNMENT(.rel.plt))
                [!provide]                PROVIDE (__rel_iplt_start = .)
 *(SORT_BY_ALIGNMENT(.rel.iplt))
 .rel.iplt      0x00000000        0x0 zephyr/CMakeFiles/zephyr_pre1.dir/dev_handles.c.obj
                [!provide]                PROVIDE (__rel_iplt_end = .)

.rela.plt       0x00000000        0x0
 *(SORT_BY_ALIGNMENT(.rela.plt))
                [!provide]                PROVIDE (__rela_iplt_start = .)
 *(SORT_BY_ALIGNMENT(.rela.iplt))
                [!provide]                PROVIDE (__rela_iplt_end = .)

.rel.dyn
 *(SORT_BY_ALIGNMENT(.rel.*))

.rela.dyn
 *(SORT_BY_ALIGNMENT(.rela.*))

/DISCARD/
 *(SORT_BY_ALIGNMENT(.plt))
 *(SORT_BY_ALIGNMENT(.iplt))
 *(SORT_BY_ALIGNMENT(.got.plt))
 *(SORT_BY_ALIGNMENT(.igot.plt))
 *(SORT_BY_ALIGNMENT(.got))
 *(SORT_BY_ALIGNMENT(.igot))
 *(SORT_BY_ALIGNMENT(.note.GNU-stack))
                0x00000000                __rom_region_start = 0x0

rom_start       0x00000000      0x100
                0x00000000                . = 0x0
                0x00000000                . = ALIGN (0x4)
                0x00000000                . = ALIGN (0x80)
                0x00000000                . = ALIGN (0x100)
                0x00000000                _vector_start = .
 *(SORT_BY_ALIGNMENT(.exc_vector_table))
 *(SORT_BY_ALIGNMENT(.exc_vector_table.*))
 .exc_vector_table._vector_table_section
                0x00000000       0x40 zephyr/arch/arch/arm/core/aarch32/cortex_m/libarch__arm__core__aarch32__cortex_m.a(vector_table.S.obj)
                0x00000000                _vector_table
 *(SORT_BY_ALIGNMENT(.gnu.linkonce.irq_vector_table*))
 .gnu.linkonce.irq_vector_table
                0x00000040       0xc0 zephyr/arch/common/libisr_tables.a(isr_tables.c.obj)
                0x00000040                _irq_vector_table
 *(SORT_BY_ALIGNMENT(.vectors))
                0x00000100                _vector_end = .

text            0x00000100     0xd3e0
                0x00000100                __text_region_start = .
 *(SORT_BY_ALIGNMENT(.text))
 .text          0x00000100       0x30 c:/ncs/v1.9.1/toolchain/opt/bin/../lib/gcc/arm-none-eabi/9.2.1/thumb/v7e-m+fp/hard\libgcc.a(_aeabi_uldivmod.o)
                0x00000100                __aeabi_uldivmod
 .text          0x00000130      0x2c4 c:/ncs/v1.9.1/toolchain/opt/bin/../lib/gcc/arm-none-eabi/9.2.1/thumb/v7e-m+fp/hard\libgcc.a(_udivmoddi4.o)
                0x00000130                __udivmoddi4
 .text          0x000003f4        0x4 c:/ncs/v1.9.1/toolchain/opt/bin/../lib/gcc/arm-none-eabi/9.2.1/thumb/v7e-m+fp/hard\libgcc.a(_dvmd_tls.o)
                0x000003f4                __aeabi_idiv0
                0x000003f4                __aeabi_ldiv0
 *(SORT_BY_ALIGNMENT(.text.*))
 .text.main     0x000003f8      0x128 app/libapp.a(main.c.obj)
                0x000003f8                main
 .text.flash_device_get_binding
                0x00000520       0x18 app/libapp.a(flash_map_extended.c.obj)
                0x00000520                flash_device_get_binding
 .text.flash_device_base
                0x00000538       0x20 app/libapp.a(flash_map_extended.c.obj)
                0x00000538                flash_device_base
 .text.bootutil_img_validate
                0x00000558      0x230 app/libapp.a(image_validate.c.obj)
                0x00000558                bootutil_img_validate
 .text.bootutil_verify_sig
                0x00000788       0xf0 app/libapp.a(image_ec256.c.obj)
                0x00000788                bootutil_verify_sig
 .text.boot_read_swap_size
                0x00000878       0x7c app/libapp.a(bootutil_misc.c.obj)
                0x00000878                boot_read_swap_size
 .text.boot_validate_slot.isra.0
                0x000008f4      0x104 app/libapp.a(loader.c.obj)
 .text.boot_swap_image
                0x000009f8       0x7c app/libapp.a(loader.c.obj)
 .text.boot_copy_region
                0x00000a74       0x84 app/libapp.a(loader.c.obj)
                0x00000a74                boot_copy_region
 .text.context_boot_go
                0x00000af8      0x260 app/libapp.a(loader.c.obj)
                0x00000af8                context_boot_go
 .text.boot_go  0x00000d58       0x20 app/libapp.a(loader.c.obj)
                0x00000d58                boot_go
 .text.boot_read_image_header
                0x00000d78       0x9c app/libapp.a(swap_move.c.obj)
                0x00000d78                boot_read_image_header
 .text.swap_read_status_bytes
                0x00000e14       0xc8 app/libapp.a(swap_move.c.obj)
                0x00000e14                swap_read_status_bytes
 .text.boot_slots_compatible
                0x00000edc       0x6c app/libapp.a(swap_move.c.obj)
                0x00000edc                boot_slots_compatible
 .text.swap_status_source
                0x00000f48       0xcc app/libapp.a(swap_move.c.obj)
                0x00000f48                swap_status_source
 .text.fixup_revert
                0x00001014       0x98 app/libapp.a(swap_move.c.obj)
                0x00001014                fixup_revert
 .text.swap_run
                0x000010ac      0x210 app/libapp.a(swap_move.c.obj)
                0x000010ac                swap_run
 .text.cc310_init
                0x000012bc       0x30 app/libapp.a(cc310_glue.c.obj)
                0x000012bc                cc310_init
 .text.cc310_ecdsa_verify_secp256r1
                0x000012ec       0x34 app/libapp.a(cc310_glue.c.obj)
                0x000012ec                cc310_ecdsa_verify_secp256r1
 .text.nrf_cleanup_peripheral
                0x00001320       0x6c app/libapp.a(nrf_cleanup.c.obj)
                0x00001320                nrf_cleanup_peripheral
 .text.char_out
                0x0000138c       0x10 zephyr/libzephyr.a(printk.c.obj)
 .text.vprintk  0x0000139c       0x1c zephyr/libzephyr.a(printk.c.obj)
                0x0000139c                vprintk
 .text.process_event
                0x000013b8      0x1d0 zephyr/libzephyr.a(onoff.c.obj)
 .text.cbvprintf
                0x00001588      0x470 zephyr/libzephyr.a(cbprintf_nano.c.obj)
                0x00001588                cbvprintf
 .text.sys_reboot
                0x000019f8       0x28 zephyr/libzephyr.a(reboot.c.obj)
                0x000019f8                sys_reboot
 .text.class_handler
                0x00001a20       0x40 zephyr/libzephyr.a(usb_device.c.obj)
 .text.custom_handler
                0x00001a60       0x5c zephyr/libzephyr.a(usb_device.c.obj)
 .text.vendor_handler
                0x00001abc       0x38 zephyr/libzephyr.a(usb_device.c.obj)
 .text.set_endpoint
                0x00001af4       0x90 zephyr/libzephyr.a(usb_device.c.obj)
 .text.usb_reset_alt_setting
                0x00001b84       0x10 zephyr/libzephyr.a(usb_device.c.obj)
 .text.is_ep_valid.part.0
                0x00001b94       0x38 zephyr/libzephyr.a(usb_device.c.obj)
 .text.usb_halt_endpoint_req.isra.0
                0x00001bcc       0x74 zephyr/libzephyr.a(usb_device.c.obj)
 .text.forward_status_cb
                0x00001c40       0x94 zephyr/libzephyr.a(usb_device.c.obj)
 .text.usb_handle_standard_request
                0x00001cd4      0x320 zephyr/libzephyr.a(usb_device.c.obj)
 .text.usb_disable
                0x00001ff4       0x20 zephyr/libzephyr.a(usb_device.c.obj)
                0x00001ff4                usb_disable
 .text.usb_write
                0x00002014       0x44 zephyr/libzephyr.a(usb_device.c.obj)
                0x00002014                usb_write
 .text.usb_data_to_host
                0x00002058       0x50 zephyr/libzephyr.a(usb_device.c.obj)
 .text.usb_handle_control_transfer
                0x000020a8      0x128 zephyr/libzephyr.a(usb_device.c.obj)
 .text.usb_set_config
                0x000021d0       0x2c zephyr/libzephyr.a(usb_device.c.obj)
                0x000021d0                usb_set_config
 .text.usb_device_init
                0x000021fc       0x30 zephyr/libzephyr.a(usb_device.c.obj)
 .text.usb_enable
                0x0000222c       0xf0 zephyr/libzephyr.a(usb_device.c.obj)
                0x0000222c                usb_enable
 .text.usb_update_sn_string_descriptor
                0x0000231c       0x88 zephyr/libzephyr.a(usb_descriptor.c.obj)
                0x0000231c                usb_update_sn_string_descriptor
 .text.usb_fix_descriptor
                0x000023a4      0x1e8 zephyr/libzephyr.a(usb_descriptor.c.obj)
 .text.usb_get_device_descriptor
                0x0000258c       0x24 zephyr/libzephyr.a(usb_descriptor.c.obj)
                0x0000258c                usb_get_device_descriptor
 .text.usb_ep_get_transfer
                0x000025b0       0x2c zephyr/libzephyr.a(usb_transfer.c.obj)
 .text.usb_transfer_work
                0x000025dc      0x120 zephyr/libzephyr.a(usb_transfer.c.obj)
 .text.usb_transfer_ep_callback
                0x000026fc       0x60 zephyr/libzephyr.a(usb_transfer.c.obj)
                0x000026fc                usb_transfer_ep_callback
 .text.usb_transfer
                0x0000275c      0x10c zephyr/libzephyr.a(usb_transfer.c.obj)
                0x0000275c                usb_transfer
 .text.usb_cancel_transfer
                0x00002868       0x3c zephyr/libzephyr.a(usb_transfer.c.obj)
                0x00002868                usb_cancel_transfer
 .text.usb_cancel_transfers
                0x000028a4       0x50 zephyr/libzephyr.a(usb_transfer.c.obj)
                0x000028a4                usb_cancel_transfers
 .text.usb_transfer_init
                0x000028f4       0x34 zephyr/libzephyr.a(usb_transfer.c.obj)
                0x000028f4                usb_transfer_init
 .text.cdc_acm_irq_rx_enable
                0x00002928       0x20 zephyr/libzephyr.a(cdc_acm.c.obj)
 .text.cdc_acm_irq_tx_enable
                0x00002948       0x20 zephyr/libzephyr.a(cdc_acm.c.obj)
 .text.cdc_acm_reset_port
                0x00002968       0x34 zephyr/libzephyr.a(cdc_acm.c.obj)
 .text.cdc_acm_read_cb
                0x0000299c       0x64 zephyr/libzephyr.a(cdc_acm.c.obj)
 .text.cdc_acm_poll_out
                0x00002a00       0x7c zephyr/libzephyr.a(cdc_acm.c.obj)
 .text.cdc_acm_write_cb
                0x00002a7c       0x3c zephyr/libzephyr.a(cdc_acm.c.obj)
 .text.tx_work_handler
                0x00002ab8       0x54 zephyr/libzephyr.a(cdc_acm.c.obj)
 .text.cdc_acm_class_handle_req
                0x00002b0c       0x68 zephyr/libzephyr.a(cdc_acm.c.obj)
                0x00002b0c                cdc_acm_class_handle_req
 .text.cdc_acm_int_in
                0x00002b74       0x34 zephyr/libzephyr.a(cdc_acm.c.obj)
 .text.cdc_acm_fifo_fill
                0x00002ba8       0x54 zephyr/libzephyr.a(cdc_acm.c.obj)
 .text.cdc_acm_dev_status_cb
                0x00002bfc       0xfc zephyr/libzephyr.a(cdc_acm.c.obj)
 .text.cdc_acm_init
                0x00002cf8       0x48 zephyr/libzephyr.a(cdc_acm.c.obj)
 .text.dfu_check_app_state
                0x00002d40       0x18 zephyr/libzephyr.a(usb_dfu.c.obj)
 .text.dfu_timer_expired
                0x00002d58       0x18 zephyr/libzephyr.a(usb_dfu.c.obj)
 .text.dfu_interface_config
                0x00002d70        0xc zephyr/libzephyr.a(usb_dfu.c.obj)
 .text.dfu_custom_handle_req
                0x00002d7c       0x70 zephyr/libzephyr.a(usb_dfu.c.obj)
 .text.dfu_reset_counters
                0x00002dec       0x30 zephyr/libzephyr.a(usb_dfu.c.obj)
 .text.dfu_work_handler
                0x00002e1c       0x8c zephyr/libzephyr.a(usb_dfu.c.obj)
 .text.usb_dfu_init
                0x00002ea8       0x58 zephyr/libzephyr.a(usb_dfu.c.obj)
 .text.dfu_status_cb
                0x00002f00       0x4c zephyr/libzephyr.a(usb_dfu.c.obj)
 .text.dfu_class_handle_req
                0x00002f4c      0x274 zephyr/libzephyr.a(usb_dfu.c.obj)
 .text.wait_for_usb_dfu
                0x000031c0       0x68 zephyr/libzephyr.a(usb_dfu.c.obj)
                0x000031c0                wait_for_usb_dfu
 .text.z_usb_work_q_init
                0x00003228       0x30 zephyr/libzephyr.a(usb_work_q.c.obj)
 .text.flash_area_open
                0x00003258       0x3c zephyr/libzephyr.a(flash_map.c.obj)
                0x00003258                flash_area_open
 .text.flash_area_get_sectors
                0x00003294       0x68 zephyr/libzephyr.a(flash_map_layout.c.obj)
                0x00003294                flash_area_get_sectors
 .text.find_flash_total_size
                0x000032fc       0x28 zephyr/libzephyr.a(stream_flash.c.obj)
 .text.stream_flash_erase_page
                0x00003324       0x78 zephyr/libzephyr.a(stream_flash.c.obj)
                0x00003324                stream_flash_erase_page
 .text.flash_sync
                0x0000339c      0x118 zephyr/libzephyr.a(stream_flash.c.obj)
 .text.stream_flash_init
                0x000034b4       0xa8 zephyr/libzephyr.a(stream_flash.c.obj)
                0x000034b4                stream_flash_init
 .text.nrf_cc3xx_platform_abort_init
                0x0000355c        0xc zephyr/libzephyr.a(nrf_cc3xx_platform_abort_zephyr.c.obj)
                0x0000355c                nrf_cc3xx_platform_abort_init
 .text.mutex_unlock_platform
                0x00003568       0x4c zephyr/libzephyr.a(nrf_cc3xx_platform_mutex_zephyr.c.obj)
 .text.mutex_free_platform
                0x000035b4       0x48 zephyr/libzephyr.a(nrf_cc3xx_platform_mutex_zephyr.c.obj)
 .text.mutex_init_platform
                0x000035fc       0x70 zephyr/libzephyr.a(nrf_cc3xx_platform_mutex_zephyr.c.obj)
 .text.mutex_lock_platform
                0x0000366c       0x58 zephyr/libzephyr.a(nrf_cc3xx_platform_mutex_zephyr.c.obj)
 .text.nrf_cc3xx_platform_mutex_init
                0x000036c4       0x2c zephyr/libzephyr.a(nrf_cc3xx_platform_mutex_zephyr.c.obj)
                0x000036c4                nrf_cc3xx_platform_mutex_init
 .text.z_arm_cpu_idle_init
                0x000036f0        0xc zephyr/arch/arch/arm/core/aarch32/libarch__arm__core__aarch32.a(cpu_idle.S.obj)
                0x000036f0                z_arm_cpu_idle_init
 .text.arch_cpu_idle
                0x000036fc       0x1c zephyr/arch/arch/arm/core/aarch32/libarch__arm__core__aarch32.a(cpu_idle.S.obj)
                0x000036fc                arch_cpu_idle
 .text.arch_cpu_atomic_idle
                0x00003718       0x14 zephyr/arch/arch/arm/core/aarch32/libarch__arm__core__aarch32.a(cpu_idle.S.obj)
                0x00003718                arch_cpu_atomic_idle
 .text.z_arm_fatal_error
                0x0000372c       0xcc zephyr/arch/arch/arm/core/aarch32/libarch__arm__core__aarch32.a(fatal.c.obj)
                0x0000372c                z_arm_fatal_error
 .text.arch_irq_enable
                0x000037f8       0x20 zephyr/arch/arch/arm/core/aarch32/libarch__arm__core__aarch32.a(irq_manage.c.obj)
                0x000037f8                arch_irq_enable
 .text.arch_irq_disable
                0x00003818       0x28 zephyr/arch/arch/arm/core/aarch32/libarch__arm__core__aarch32.a(irq_manage.c.obj)
                0x00003818                arch_irq_disable
 .text.arch_irq_is_enabled
                0x00003840       0x1c zephyr/arch/arch/arm/core/aarch32/libarch__arm__core__aarch32.a(irq_manage.c.obj)
                0x00003840                arch_irq_is_enabled
 .text.z_arm_irq_priority_set
                0x0000385c       0x30 zephyr/arch/arch/arm/core/aarch32/libarch__arm__core__aarch32.a(irq_manage.c.obj)
                0x0000385c                z_arm_irq_priority_set
 .text.z_SysNmiOnReset
                0x0000388c        0x8 zephyr/arch/arch/arm/core/aarch32/libarch__arm__core__aarch32.a(nmi_on_reset.S.obj)
                0x0000388c                z_SysNmiOnReset
 .text.z_arm_prep_c
                0x00003894       0x5c zephyr/arch/arch/arm/core/aarch32/libarch__arm__core__aarch32.a(prep_c.c.obj)
                0x00003894                z_arm_prep_c
 .text.arch_swap
                0x000038f0       0x34 zephyr/arch/arch/arm/core/aarch32/libarch__arm__core__aarch32.a(swap.c.obj)
                0x000038f0                arch_swap
 .text.z_arm_pendsv
                0x00003924       0x90 zephyr/arch/arch/arm/core/aarch32/libarch__arm__core__aarch32.a(swap_helper.S.obj)
                0x00003924                z_arm_pendsv
 .text.z_arm_svc
                0x000039b4       0x20 zephyr/arch/arch/arm/core/aarch32/libarch__arm__core__aarch32.a(swap_helper.S.obj)
                0x000039b4                z_arm_svc
 .text.arch_new_thread
                0x000039d4       0x60 zephyr/arch/arch/arm/core/aarch32/libarch__arm__core__aarch32.a(thread.c.obj)
                0x000039d4                arch_new_thread
 .text.z_arm_mpu_stack_guard_and_fpu_adjust
                0x00003a34       0x6c zephyr/arch/arch/arm/core/aarch32/libarch__arm__core__aarch32.a(thread.c.obj)
                0x00003a34                z_arm_mpu_stack_guard_and_fpu_adjust
 .text.z_check_thread_stack_fail
                0x00003aa0       0x44 zephyr/arch/arch/arm/core/aarch32/libarch__arm__core__aarch32.a(thread.c.obj)
                0x00003aa0                z_check_thread_stack_fail
 .text.arch_switch_to_main_thread
                0x00003ae4       0x48 zephyr/arch/arch/arm/core/aarch32/libarch__arm__core__aarch32.a(thread.c.obj)
                0x00003ae4                arch_switch_to_main_thread
 .text._isr_wrapper
                0x00003b2c       0x28 zephyr/arch/arch/arm/core/aarch32/libarch__arm__core__aarch32.a(isr_wrapper.S.obj)
                0x00003b2c                _isr_wrapper
 .text._HandlerModeExit
                0x00003b54       0x1c zephyr/arch/arch/arm/core/aarch32/cortex_m/libarch__arm__core__aarch32__cortex_m.a(exc_exit.S.obj)
                0x00003b54                z_arm_int_exit
                0x00003b54                z_arm_exc_exit
 .text.mem_manage_fault
                0x00003b70       0xe0 zephyr/arch/arch/arm/core/aarch32/cortex_m/libarch__arm__core__aarch32__cortex_m.a(fault.c.obj)
 .text.bus_fault.isra.0
                0x00003c50       0xb4 zephyr/arch/arch/arm/core/aarch32/cortex_m/libarch__arm__core__aarch32__cortex_m.a(fault.c.obj)
 .text.usage_fault.isra.0
                0x00003d04       0x98 zephyr/arch/arch/arm/core/aarch32/cortex_m/libarch__arm__core__aarch32__cortex_m.a(fault.c.obj)
 .text.z_arm_fault
                0x00003d9c      0x198 zephyr/arch/arch/arm/core/aarch32/cortex_m/libarch__arm__core__aarch32__cortex_m.a(fault.c.obj)
                0x00003d9c                z_arm_fault
 .text.z_arm_fault_init
                0x00003f34       0x10 zephyr/arch/arch/arm/core/aarch32/cortex_m/libarch__arm__core__aarch32__cortex_m.a(fault.c.obj)
                0x00003f34                z_arm_fault_init
 .text.__fault  0x00003f44       0x14 zephyr/arch/arch/arm/core/aarch32/cortex_m/libarch__arm__core__aarch32__cortex_m.a(fault_s.S.obj)
                0x00003f44                z_arm_usage_fault
                0x00003f44                z_arm_mpu_fault
                0x00003f44                z_arm_exc_spurious
                0x00003f44                z_arm_debug_monitor
                0x00003f44                z_arm_hard_fault
                0x00003f44                z_arm_bus_fault
 .text.z_arm_interrupt_init
                0x00003f58       0x18 zephyr/arch/arch/arm/core/aarch32/cortex_m/libarch__arm__core__aarch32__cortex_m.a(irq_init.c.obj)
                0x00003f58                z_arm_interrupt_init
 .text._reset_section
                0x00003f70       0x54 zephyr/arch/arch/arm/core/aarch32/cortex_m/libarch__arm__core__aarch32__cortex_m.a(reset.S.obj)
                0x00003f70                __start
                0x00003f70                z_arm_reset
 .text.z_arm_clear_arm_mpu_config
                0x00003fc4       0x20 zephyr/arch/arch/arm/core/aarch32/cortex_m/libarch__arm__core__aarch32__cortex_m.a(scb.c.obj)
                0x00003fc4                z_arm_clear_arm_mpu_config
 .text.z_arm_init_arch_hw_at_boot
                0x00003fe4       0x64 zephyr/arch/arch/arm/core/aarch32/cortex_m/libarch__arm__core__aarch32__cortex_m.a(scb.c.obj)
                0x00003fe4                z_arm_init_arch_hw_at_boot
 .text.z_impl_k_thread_abort
                0x00004048       0x24 zephyr/arch/arch/arm/core/aarch32/cortex_m/libarch__arm__core__aarch32__cortex_m.a(thread_abort.c.obj)
                0x00004048                z_impl_k_thread_abort
 .text.z_arm_configure_static_mpu_regions
                0x0000406c       0x18 zephyr/arch/arch/arm/core/aarch32/mpu/libarch__arm__core__aarch32__mpu.a(arm_core_mpu.c.obj)
                0x0000406c                z_arm_configure_static_mpu_regions
 .text.z_arm_configure_dynamic_mpu_regions
                0x00004084       0x2c zephyr/arch/arch/arm/core/aarch32/mpu/libarch__arm__core__aarch32__mpu.a(arm_core_mpu.c.obj)
                0x00004084                z_arm_configure_dynamic_mpu_regions
 .text.mpu_configure_regions
                0x000040b0       0x98 zephyr/arch/arch/arm/core/aarch32/mpu/libarch__arm__core__aarch32__mpu.a(arm_mpu.c.obj)
 .text.arm_core_mpu_enable
                0x00004148       0x14 zephyr/arch/arch/arm/core/aarch32/mpu/libarch__arm__core__aarch32__mpu.a(arm_mpu.c.obj)
                0x00004148                arm_core_mpu_enable
 .text.arm_core_mpu_disable
                0x0000415c       0x10 zephyr/arch/arch/arm/core/aarch32/mpu/libarch__arm__core__aarch32__mpu.a(arm_mpu.c.obj)
                0x0000415c                arm_core_mpu_disable
 .text.arm_core_mpu_configure_static_mpu_regions
                0x0000416c       0x14 zephyr/arch/arch/arm/core/aarch32/mpu/libarch__arm__core__aarch32__mpu.a(arm_mpu.c.obj)
                0x0000416c                arm_core_mpu_configure_static_mpu_regions
 .text.arm_core_mpu_configure_dynamic_mpu_regions
                0x00004180       0x2c zephyr/arch/arch/arm/core/aarch32/mpu/libarch__arm__core__aarch32__mpu.a(arm_mpu.c.obj)
                0x00004180                arm_core_mpu_configure_dynamic_mpu_regions
 .text.z_arm_mpu_init
                0x000041ac       0x5c zephyr/arch/arch/arm/core/aarch32/mpu/libarch__arm__core__aarch32__mpu.a(arm_mpu.c.obj)
                0x000041ac                z_arm_mpu_init
 .text.nordicsemi_nrf52_init
                0x00004208       0x28 zephyr/soc/arm/nordic_nrf/nrf52/libsoc__arm__nordic_nrf__nrf52.a(soc.c.obj)
 .text.sys_arch_reboot
                0x00004230       0x2c zephyr/soc/arm/nordic_nrf/nrf52/libsoc__arm__nordic_nrf__nrf52.a(soc.c.obj)
                0x00004230                sys_arch_reboot
 .text.arch_busy_wait
                0x0000425c       0x14 zephyr/soc/arm/nordic_nrf/nrf52/libsoc__arm__nordic_nrf__nrf52.a(soc.c.obj)
                0x0000425c                arch_busy_wait
 .text.net_buf_id
                0x00004270       0x20 zephyr/subsys/net/libsubsys__net.a(buf.c.obj)
                0x00004270                net_buf_id
 .text.fixed_data_alloc
                0x00004290       0x30 zephyr/subsys/net/libsubsys__net.a(buf.c.obj)
 .text.endpoint_ctx
                0x000042c0       0x50 zephyr/drivers/usb/device/libdrivers__usb__device.a(usb_dc_nrfx.c.obj)
 .text.usbd_evt_put
                0x00004310        0xc zephyr/drivers/usb/device/libdrivers__usb__device.a(usb_dc_nrfx.c.obj)
 .text.usbd_work_schedule
                0x0000431c       0x10 zephyr/drivers/usb/device/libdrivers__usb__device.a(usb_dc_nrfx.c.obj)
 .text.usb_init
                0x0000432c       0x48 zephyr/drivers/usb/device/libdrivers__usb__device.a(usb_dc_nrfx.c.obj)
 .text.hfxo_stop.constprop.0
                0x00004374       0x4c zephyr/drivers/usb/device/libdrivers__usb__device.a(usb_dc_nrfx.c.obj)
 .text.usbd_evt_flush
                0x000043c0       0x28 zephyr/drivers/usb/device/libdrivers__usb__device.a(usb_dc_nrfx.c.obj)
 .text.usbd_evt_alloc
                0x000043e8       0x60 zephyr/drivers/usb/device/libdrivers__usb__device.a(usb_dc_nrfx.c.obj)
 .text.usbd_event_transfer_data
                0x00004448       0xc4 zephyr/drivers/usb/device/libdrivers__usb__device.a(usb_dc_nrfx.c.obj)
 .text.usbd_event_handler
                0x0000450c      0x144 zephyr/drivers/usb/device/libdrivers__usb__device.a(usb_dc_nrfx.c.obj)
 .text.usb_dc_power_event_handler
                0x00004650       0x48 zephyr/drivers/usb/device/libdrivers__usb__device.a(usb_dc_nrfx.c.obj)
 .text.eps_ctx_init
                0x00004698       0x68 zephyr/drivers/usb/device/libdrivers__usb__device.a(usb_dc_nrfx.c.obj)
 .text.usbd_work_handler
                0x00004700      0x34c zephyr/drivers/usb/device/libdrivers__usb__device.a(usb_dc_nrfx.c.obj)
 .text.usb_dc_attach
                0x00004a4c       0x7c zephyr/drivers/usb/device/libdrivers__usb__device.a(usb_dc_nrfx.c.obj)
                0x00004a4c                usb_dc_attach
 .text.usb_dc_detach
                0x00004ac8       0x98 zephyr/drivers/usb/device/libdrivers__usb__device.a(usb_dc_nrfx.c.obj)
                0x00004ac8                usb_dc_detach
 .text.usb_dc_set_address
                0x00004b60       0x24 zephyr/drivers/usb/device/libdrivers__usb__device.a(usb_dc_nrfx.c.obj)
                0x00004b60                usb_dc_set_address
 .text.usb_dc_ep_check_cap
                0x00004b84       0x44 zephyr/drivers/usb/device/libdrivers__usb__device.a(usb_dc_nrfx.c.obj)
                0x00004b84                usb_dc_ep_check_cap
 .text.usb_dc_ep_configure
                0x00004bc8       0x50 zephyr/drivers/usb/device/libdrivers__usb__device.a(usb_dc_nrfx.c.obj)
                0x00004bc8                usb_dc_ep_configure
 .text.usb_dc_ep_set_stall
                0x00004c18       0x5c zephyr/drivers/usb/device/libdrivers__usb__device.a(usb_dc_nrfx.c.obj)
                0x00004c18                usb_dc_ep_set_stall
 .text.usb_dc_ep_clear_stall
                0x00004c74       0x40 zephyr/drivers/usb/device/libdrivers__usb__device.a(usb_dc_nrfx.c.obj)
                0x00004c74                usb_dc_ep_clear_stall
 .text.usb_dc_ep_is_stalled
                0x00004cb4       0x38 zephyr/drivers/usb/device/libdrivers__usb__device.a(usb_dc_nrfx.c.obj)
                0x00004cb4                usb_dc_ep_is_stalled
 .text.usb_dc_ep_enable
                0x00004cec       0x54 zephyr/drivers/usb/device/libdrivers__usb__device.a(usb_dc_nrfx.c.obj)
                0x00004cec                usb_dc_ep_enable
 .text.usb_dc_ep_disable
                0x00004d40       0x4c zephyr/drivers/usb/device/libdrivers__usb__device.a(usb_dc_nrfx.c.obj)
                0x00004d40                usb_dc_ep_disable
 .text.usb_dc_ep_write
                0x00004d8c      0x108 zephyr/drivers/usb/device/libdrivers__usb__device.a(usb_dc_nrfx.c.obj)
                0x00004d8c                usb_dc_ep_write
 .text.usb_dc_ep_read_wait
                0x00004e94       0xa8 zephyr/drivers/usb/device/libdrivers__usb__device.a(usb_dc_nrfx.c.obj)
                0x00004e94                usb_dc_ep_read_wait
 .text.usb_dc_ep_read_continue
                0x00004f3c       0x94 zephyr/drivers/usb/device/libdrivers__usb__device.a(usb_dc_nrfx.c.obj)
                0x00004f3c                usb_dc_ep_read_continue
 .text.usb_dc_ep_set_callback
                0x00004fd0       0x28 zephyr/drivers/usb/device/libdrivers__usb__device.a(usb_dc_nrfx.c.obj)
                0x00004fd0                usb_dc_ep_set_callback
 .text.usb_dc_set_status_callback
                0x00004ff8        0xc zephyr/drivers/usb/device/libdrivers__usb__device.a(usb_dc_nrfx.c.obj)
                0x00004ff8                usb_dc_set_status_callback
 .text.usb_dc_ep_mps
                0x00005004       0x24 zephyr/drivers/usb/device/libdrivers__usb__device.a(usb_dc_nrfx.c.obj)
                0x00005004                usb_dc_ep_mps
 .text.onoff_stop
                0x00005028       0x48 zephyr/drivers/clock_control/libdrivers__clock_control.a(clock_control_nrf.c.obj)
 .text.onoff_start
                0x00005070       0x54 zephyr/drivers/clock_control/libdrivers__clock_control.a(clock_control_nrf.c.obj)
 .text.clk_init
                0x000050c4       0x60 zephyr/drivers/clock_control/libdrivers__clock_control.a(clock_control_nrf.c.obj)
 .text.clkstarted_handle.constprop.0
                0x00005124       0x3c zephyr/drivers/clock_control/libdrivers__clock_control.a(clock_control_nrf.c.obj)
 .text.clock_event_handler
                0x00005160       0x1c zephyr/drivers/clock_control/libdrivers__clock_control.a(clock_control_nrf.c.obj)
 .text.generic_hfclk_start
                0x0000517c       0x64 zephyr/drivers/clock_control/libdrivers__clock_control.a(clock_control_nrf.c.obj)
 .text.generic_hfclk_stop
                0x000051e0       0x2c zephyr/drivers/clock_control/libdrivers__clock_control.a(clock_control_nrf.c.obj)
 .text.api_blocking_start
                0x0000520c       0x3c zephyr/drivers/clock_control/libdrivers__clock_control.a(clock_control_nrf.c.obj)
 .text.z_nrf_clock_control_get_onoff
                0x00005248       0x10 zephyr/drivers/clock_control/libdrivers__clock_control.a(clock_control_nrf.c.obj)
                0x00005248                z_nrf_clock_control_get_onoff
 .text.z_nrf_clock_control_lf_on
                0x00005258      0x10c zephyr/drivers/clock_control/libdrivers__clock_control.a(clock_control_nrf.c.obj)
                0x00005258                z_nrf_clock_control_lf_on
 .text.nrfx_gpio_handler
                0x00005364       0x54 zephyr/drivers/gpio/libdrivers__gpio.a(gpio_nrfx.c.obj)
 .text.gpio_nrfx_pin_interrupt_configure
                0x000053b8       0xd4 zephyr/drivers/gpio/libdrivers__gpio.a(gpio_nrfx.c.obj)
 .text.gpio_nrfx_init
                0x0000548c       0x38 zephyr/drivers/gpio/libdrivers__gpio.a(gpio_nrfx.c.obj)
 .text.gpio_nrfx_pin_configure
                0x000054c4      0x15c zephyr/drivers/gpio/libdrivers__gpio.a(gpio_nrfx.c.obj)
 .text.flash_nrf_pages_layout
                0x00005620       0x10 zephyr/drivers/flash/libdrivers__flash.a(soc_flash_nrf.c.obj)
 .text.flash_nrf_get_parameters
                0x00005630        0x8 zephyr/drivers/flash/libdrivers__flash.a(soc_flash_nrf.c.obj)
 .text.flash_nrf_read
                0x00005638       0x40 zephyr/drivers/flash/libdrivers__flash.a(soc_flash_nrf.c.obj)
 .text.nrf_flash_init
                0x00005678       0x28 zephyr/drivers/flash/libdrivers__flash.a(soc_flash_nrf.c.obj)
 .text.restore_pofwarn.part.0
                0x000056a0       0x2c zephyr/drivers/flash/libdrivers__flash.a(soc_flash_nrf.c.obj)
 .text.suspend_pofwarn.part.0
                0x000056cc       0x50 zephyr/drivers/flash/libdrivers__flash.a(soc_flash_nrf.c.obj)
 .text.flash_nrf_erase
                0x0000571c       0xb8 zephyr/drivers/flash/libdrivers__flash.a(soc_flash_nrf.c.obj)
 .text.flash_nrf_write
                0x000057d4       0xbc zephyr/drivers/flash/libdrivers__flash.a(soc_flash_nrf.c.obj)
 .text.uarte_nrfx_configure
                0x00005890      0x164 zephyr/drivers/serial/libdrivers__serial.a(uart_nrfx_uarte.c.obj)
 .text.nrf_gpio_cfg_input
                0x000059f4       0x20 zephyr/drivers/serial/libdrivers__serial.a(uart_nrfx_uarte.c.obj)
 .text.uarte_nrfx_poll_out
                0x00005a14       0x94 zephyr/drivers/serial/libdrivers__serial.a(uart_nrfx_uarte.c.obj)
 .text.nrf_gpio_cfg_output
                0x00005aa8       0x20 zephyr/drivers/serial/libdrivers__serial.a(uart_nrfx_uarte.c.obj)
 .text.nrf_gpio_pin_set
                0x00005ac8       0x20 zephyr/drivers/serial/libdrivers__serial.a(uart_nrfx_uarte.c.obj)
 .text.uarte_instance_init.isra.0
                0x00005ae8      0x138 zephyr/drivers/serial/libdrivers__serial.a(uart_nrfx_uarte.c.obj)
 .text.sys_clock_timeout_handler
                0x00005c20       0x78 zephyr/drivers/timer/libdrivers__timer.a(nrf_rtc_timer.c.obj)
 .text.compare_int_lock
                0x00005c98       0x50 zephyr/drivers/timer/libdrivers__timer.a(nrf_rtc_timer.c.obj)
 .text.compare_int_unlock.part.0
                0x00005ce8       0x5c zephyr/drivers/timer/libdrivers__timer.a(nrf_rtc_timer.c.obj)
 .text.z_nrf_rtc_timer_read
                0x00005d44       0x44 zephyr/drivers/timer/libdrivers__timer.a(nrf_rtc_timer.c.obj)
                0x00005d44                z_nrf_rtc_timer_read
 .text.compare_set
                0x00005d88      0x154 zephyr/drivers/timer/libdrivers__timer.a(nrf_rtc_timer.c.obj)
 .text.sys_clock_driver_init
                0x00005edc       0x84 zephyr/drivers/timer/libdrivers__timer.a(nrf_rtc_timer.c.obj)
 .text.rtc_nrf_isr
                0x00005f60       0xf0 zephyr/drivers/timer/libdrivers__timer.a(nrf_rtc_timer.c.obj)
                0x00005f60                rtc_nrf_isr
 .text.sys_clock_set_timeout
                0x00006050       0x60 zephyr/drivers/timer/libdrivers__timer.a(nrf_rtc_timer.c.obj)
                0x00006050                sys_clock_set_timeout
 .text.sys_clock_elapsed
                0x000060b0       0x14 zephyr/drivers/timer/libdrivers__timer.a(nrf_rtc_timer.c.obj)
                0x000060b0                sys_clock_elapsed
 .text.fprotect_set_permission
                0x000060c4       0xac modules/nrf/lib/fprotect/lib..__nrf__lib__fprotect.a(fprotect_acl.c.obj)
 .text.k_sys_fatal_error_handler
                0x00006170       0x14 modules/nrf/lib/fatal_error/lib..__nrf__lib__fatal_error.a(fatal_error.c.obj)
                0x00006170                k_sys_fatal_error_handler
 .text.boot_write_magic
                0x00006184       0x1c modules/mcuboot/boot/bootutil/zephyr/libmcuboot_util.a(bootutil_public.c.obj)
                0x00006184                boot_write_magic
 .text.boot_read_swap_state
                0x000061a0       0xa0 modules/mcuboot/boot/bootutil/zephyr/libmcuboot_util.a(bootutil_public.c.obj)
                0x000061a0                boot_read_swap_state
 .text.boot_swap_type_multi
                0x00006240       0xf4 modules/mcuboot/boot/bootutil/zephyr/libmcuboot_util.a(bootutil_public.c.obj)
                0x00006240                boot_swap_type_multi
 .text.nrf52_errata_36
                0x00006334       0x14 modules/hal_nordic/nrfx/libmodules__hal_nordic__nrfx.a(system_nrf52840.c.obj)
 .text.nrf52_errata_98
                0x00006348       0x28 modules/hal_nordic/nrfx/libmodules__hal_nordic__nrfx.a(system_nrf52840.c.obj)
 .text.SystemInit
                0x00006370      0x184 modules/hal_nordic/nrfx/libmodules__hal_nordic__nrfx.a(system_nrf52840.c.obj)
                0x00006370                SystemInit
 .text.nrfx_flag32_alloc
                0x000064f4       0x48 modules/hal_nordic/nrfx/libmodules__hal_nordic__nrfx.a(nrfx_flag32_allocator.c.obj)
                0x000064f4                nrfx_flag32_alloc
 .text.nrfx_flag32_free
                0x0000653c       0x44 modules/hal_nordic/nrfx/libmodules__hal_nordic__nrfx.a(nrfx_flag32_allocator.c.obj)
                0x0000653c                nrfx_flag32_free
 .text.nrfx_clock_init
                0x00006580       0x20 modules/hal_nordic/nrfx/libmodules__hal_nordic__nrfx.a(nrfx_clock.c.obj)
                0x00006580                nrfx_clock_init
 .text.nrfx_clock_enable
                0x000065a0       0x1c modules/hal_nordic/nrfx/libmodules__hal_nordic__nrfx.a(nrfx_clock.c.obj)
                0x000065a0                nrfx_clock_enable
 .text.nrfx_clock_start
                0x000065bc       0x64 modules/hal_nordic/nrfx/libmodules__hal_nordic__nrfx.a(nrfx_clock.c.obj)
                0x000065bc                nrfx_clock_start
 .text.nrfx_clock_stop
                0x00006620       0x8c modules/hal_nordic/nrfx/libmodules__hal_nordic__nrfx.a(nrfx_clock.c.obj)
                0x00006620                nrfx_clock_stop
 .text.nrfx_clock_irq_handler
                0x000066ac       0x68 modules/hal_nordic/nrfx/libmodules__hal_nordic__nrfx.a(nrfx_clock.c.obj)
                0x000066ac                nrfx_clock_irq_handler
 .text.nrf_gpio_pin_port_decode
                0x00006714       0x1c modules/hal_nordic/nrfx/libmodules__hal_nordic__nrfx.a(nrfx_gpiote.c.obj)
 .text.call_handler
                0x00006730       0x3c modules/hal_nordic/nrfx/libmodules__hal_nordic__nrfx.a(nrfx_gpiote.c.obj)
 .text.release_handler
                0x0000676c       0x58 modules/hal_nordic/nrfx/libmodules__hal_nordic__nrfx.a(nrfx_gpiote.c.obj)
 .text.pin_handler_trigger_uninit
                0x000067c4       0x34 modules/hal_nordic/nrfx/libmodules__hal_nordic__nrfx.a(nrfx_gpiote.c.obj)
 .text.nrfx_gpiote_input_configure
                0x000067f8      0x158 modules/hal_nordic/nrfx/libmodules__hal_nordic__nrfx.a(nrfx_gpiote.c.obj)
                0x000067f8                nrfx_gpiote_input_configure
 .text.nrfx_gpiote_output_configure
                0x00006950       0xe0 modules/hal_nordic/nrfx/libmodules__hal_nordic__nrfx.a(nrfx_gpiote.c.obj)
                0x00006950                nrfx_gpiote_output_configure
 .text.nrfx_gpiote_global_callback_set
                0x00006a30        0xc modules/hal_nordic/nrfx/libmodules__hal_nordic__nrfx.a(nrfx_gpiote.c.obj)
                0x00006a30                nrfx_gpiote_global_callback_set
 .text.nrfx_gpiote_channel_get
                0x00006a3c       0x24 modules/hal_nordic/nrfx/libmodules__hal_nordic__nrfx.a(nrfx_gpiote.c.obj)
                0x00006a3c                nrfx_gpiote_channel_get
 .text.nrfx_gpiote_init
                0x00006a60       0x50 modules/hal_nordic/nrfx/libmodules__hal_nordic__nrfx.a(nrfx_gpiote.c.obj)
                0x00006a60                nrfx_gpiote_init
 .text.nrfx_gpiote_is_init
                0x00006ab0       0x14 modules/hal_nordic/nrfx/libmodules__hal_nordic__nrfx.a(nrfx_gpiote.c.obj)
                0x00006ab0                nrfx_gpiote_is_init
 .text.nrfx_gpiote_channel_free
                0x00006ac4        0xc modules/hal_nordic/nrfx/libmodules__hal_nordic__nrfx.a(nrfx_gpiote.c.obj)
                0x00006ac4                nrfx_gpiote_channel_free
 .text.nrfx_gpiote_channel_alloc
                0x00006ad0        0xc modules/hal_nordic/nrfx/libmodules__hal_nordic__nrfx.a(nrfx_gpiote.c.obj)
                0x00006ad0                nrfx_gpiote_channel_alloc
 .text.nrfx_gpiote_trigger_enable
                0x00006adc       0x88 modules/hal_nordic/nrfx/libmodules__hal_nordic__nrfx.a(nrfx_gpiote.c.obj)
                0x00006adc                nrfx_gpiote_trigger_enable
 .text.nrfx_gpiote_trigger_disable
                0x00006b64       0x44 modules/hal_nordic/nrfx/libmodules__hal_nordic__nrfx.a(nrfx_gpiote.c.obj)
                0x00006b64                nrfx_gpiote_trigger_disable
 .text.nrfx_gpiote_pin_uninit
                0x00006ba8       0x48 modules/hal_nordic/nrfx/libmodules__hal_nordic__nrfx.a(nrfx_gpiote.c.obj)
                0x00006ba8                nrfx_gpiote_pin_uninit
 .text.nrfx_gpiote_irq_handler
                0x00006bf0      0x1b0 modules/hal_nordic/nrfx/libmodules__hal_nordic__nrfx.a(nrfx_gpiote.c.obj)
                0x00006bf0                nrfx_gpiote_irq_handler
 .text.nrfx_nvmc_page_erase
                0x00006da0       0x40 modules/hal_nordic/nrfx/libmodules__hal_nordic__nrfx.a(nrfx_nvmc.c.obj)
                0x00006da0                nrfx_nvmc_page_erase
 .text.nrfx_nvmc_word_write
                0x00006de0       0x24 modules/hal_nordic/nrfx/libmodules__hal_nordic__nrfx.a(nrfx_nvmc.c.obj)
                0x00006de0                nrfx_nvmc_word_write
 .text.nrfx_power_init
                0x00006e04       0x78 modules/hal_nordic/nrfx/libmodules__hal_nordic__nrfx.a(nrfx_power.c.obj)
                0x00006e04                nrfx_power_init
 .text.nrfx_power_usbevt_uninit
                0x00006e7c       0x18 modules/hal_nordic/nrfx/libmodules__hal_nordic__nrfx.a(nrfx_power.c.obj)
                0x00006e7c                nrfx_power_usbevt_uninit
 .text.nrfx_power_usbevt_init
                0x00006e94       0x14 modules/hal_nordic/nrfx/libmodules__hal_nordic__nrfx.a(nrfx_power.c.obj)
                0x00006e94                nrfx_power_usbevt_init
 .text.nrfx_power_irq_handler
                0x00006ea8       0xa0 modules/hal_nordic/nrfx/libmodules__hal_nordic__nrfx.a(nrfx_power.c.obj)
                0x00006ea8                nrfx_power_irq_handler
 .text.nrfx_ppi_channel_alloc
                0x00006f48        0xc modules/hal_nordic/nrfx/libmodules__hal_nordic__nrfx.a(nrfx_ppi.c.obj)
                0x00006f48                nrfx_ppi_channel_alloc
 .text.nrf52_errata_166
                0x00006f54       0x14 modules/hal_nordic/nrfx/libmodules__hal_nordic__nrfx.a(nrfx_usbd.c.obj)
 .text.nrf52_errata_187
                0x00006f68       0x2c modules/hal_nordic/nrfx/libmodules__hal_nordic__nrfx.a(nrfx_usbd.c.obj)
 .text.ep_state_access
                0x00006f94       0x1c modules/hal_nordic/nrfx/libmodules__hal_nordic__nrfx.a(nrfx_usbd.c.obj)
 .text.usbd_dma_pending_clear
                0x00006fb0       0x20 modules/hal_nordic/nrfx/libmodules__hal_nordic__nrfx.a(nrfx_usbd.c.obj)
 .text.ev_usbreset_handler
                0x00006fd0       0x34 modules/hal_nordic/nrfx/libmodules__hal_nordic__nrfx.a(nrfx_usbd.c.obj)
 .text.usbd_errata_187_211_begin
                0x00007004       0x3c modules/hal_nordic/nrfx/libmodules__hal_nordic__nrfx.a(nrfx_usbd.c.obj)
 .text.usbd_errata_187_211_end
                0x00007040       0x3c modules/hal_nordic/nrfx/libmodules__hal_nordic__nrfx.a(nrfx_usbd.c.obj)
 .text.nrfx_usbd_feeder_flash
                0x0000707c       0x38 modules/hal_nordic/nrfx/libmodules__hal_nordic__nrfx.a(nrfx_usbd.c.obj)
                0x0000707c                nrfx_usbd_feeder_flash
 .text.nrfx_usbd_feeder_flash_zlp
                0x000070b4       0x40 modules/hal_nordic/nrfx/libmodules__hal_nordic__nrfx.a(nrfx_usbd.c.obj)
                0x000070b4                nrfx_usbd_feeder_flash_zlp
 .text.ev_usbevent_handler
                0x000070f4       0x94 modules/hal_nordic/nrfx/libmodules__hal_nordic__nrfx.a(nrfx_usbd.c.obj)
 .text.ev_sof_handler
                0x00007188       0x44 modules/hal_nordic/nrfx/libmodules__hal_nordic__nrfx.a(nrfx_usbd.c.obj)
 .text.atomic_and.constprop.0
                0x000071cc       0x24 modules/hal_nordic/nrfx/libmodules__hal_nordic__nrfx.a(nrfx_usbd.c.obj)
 .text.nrf_usbd_ep0in_dma_handler
                0x000071f0       0x2c modules/hal_nordic/nrfx/libmodules__hal_nordic__nrfx.a(nrfx_usbd.c.obj)
 .text.usbd_ep_data_handler
                0x0000721c       0x8c modules/hal_nordic/nrfx/libmodules__hal_nordic__nrfx.a(nrfx_usbd.c.obj)
 .text.ev_setup_data_handler
                0x000072a8       0x1c modules/hal_nordic/nrfx/libmodules__hal_nordic__nrfx.a(nrfx_usbd.c.obj)
 .text.ev_dma_epin8_handler
                0x000072c4       0x4c modules/hal_nordic/nrfx/libmodules__hal_nordic__nrfx.a(nrfx_usbd.c.obj)
 .text.ev_dma_epout8_handler
                0x00007310       0x40 modules/hal_nordic/nrfx/libmodules__hal_nordic__nrfx.a(nrfx_usbd.c.obj)
 .text.nrfx_usbd_uninit
                0x00007350       0x14 modules/hal_nordic/nrfx/libmodules__hal_nordic__nrfx.a(nrfx_usbd.c.obj)
                0x00007350                nrfx_usbd_uninit
 .text.nrfx_usbd_enable
                0x00007364      0x130 modules/hal_nordic/nrfx/libmodules__hal_nordic__nrfx.a(nrfx_usbd.c.obj)
                0x00007364                nrfx_usbd_enable
 .text.nrfx_usbd_start
                0x00007494       0x3c modules/hal_nordic/nrfx/libmodules__hal_nordic__nrfx.a(nrfx_usbd.c.obj)
                0x00007494                nrfx_usbd_start
 .text.nrfx_usbd_is_initialized
                0x000074d0       0x10 modules/hal_nordic/nrfx/libmodules__hal_nordic__nrfx.a(nrfx_usbd.c.obj)
                0x000074d0                nrfx_usbd_is_initialized
 .text.nrfx_usbd_is_enabled
                0x000074e0       0x14 modules/hal_nordic/nrfx/libmodules__hal_nordic__nrfx.a(nrfx_usbd.c.obj)
                0x000074e0                nrfx_usbd_is_enabled
 .text.nrfx_usbd_init
                0x000074f4       0x8c modules/hal_nordic/nrfx/libmodules__hal_nordic__nrfx.a(nrfx_usbd.c.obj)
                0x000074f4                nrfx_usbd_init
 .text.nrfx_usbd_ep_transfer
                0x00007580       0xf8 modules/hal_nordic/nrfx/libmodules__hal_nordic__nrfx.a(nrfx_usbd.c.obj)
                0x00007580                nrfx_usbd_ep_transfer
 .text.nrfx_usbd_epout_size_get
                0x00007678       0x28 modules/hal_nordic/nrfx/libmodules__hal_nordic__nrfx.a(nrfx_usbd.c.obj)
                0x00007678                nrfx_usbd_epout_size_get
 .text.usbd_dmareq_process
                0x000076a0      0x184 modules/hal_nordic/nrfx/libmodules__hal_nordic__nrfx.a(nrfx_usbd.c.obj)
 .text.ev_epdata_handler
                0x00007824       0x44 modules/hal_nordic/nrfx/libmodules__hal_nordic__nrfx.a(nrfx_usbd.c.obj)
 .text.nrf_usbd_epout_dma_handler
                0x00007868       0x64 modules/hal_nordic/nrfx/libmodules__hal_nordic__nrfx.a(nrfx_usbd.c.obj)
 .text.nrfx_usbd_ep_stall
                0x000078cc       0x10 modules/hal_nordic/nrfx/libmodules__hal_nordic__nrfx.a(nrfx_usbd.c.obj)
                0x000078cc                nrfx_usbd_ep_stall
 .text.nrfx_usbd_ep_stall_check
                0x000078dc       0x34 modules/hal_nordic/nrfx/libmodules__hal_nordic__nrfx.a(nrfx_usbd.c.obj)
                0x000078dc                nrfx_usbd_ep_stall_check
 .text.nrfx_usbd_ep_dtoggle_clear
                0x00007910       0x18 modules/hal_nordic/nrfx/libmodules__hal_nordic__nrfx.a(nrfx_usbd.c.obj)
                0x00007910                nrfx_usbd_ep_dtoggle_clear
 .text.nrfx_usbd_setup_get
                0x00007928       0x4c modules/hal_nordic/nrfx/libmodules__hal_nordic__nrfx.a(nrfx_usbd.c.obj)
                0x00007928                nrfx_usbd_setup_get
 .text.nrfx_usbd_setup_data_clear
                0x00007974       0x10 modules/hal_nordic/nrfx/libmodules__hal_nordic__nrfx.a(nrfx_usbd.c.obj)
                0x00007974                nrfx_usbd_setup_data_clear
 .text.ev_dma_epout0_handler
                0x00007984       0x48 modules/hal_nordic/nrfx/libmodules__hal_nordic__nrfx.a(nrfx_usbd.c.obj)
 .text.nrfx_usbd_setup_clear
                0x000079cc       0x10 modules/hal_nordic/nrfx/libmodules__hal_nordic__nrfx.a(nrfx_usbd.c.obj)
                0x000079cc                nrfx_usbd_setup_clear
 .text.nrfx_usbd_setup_stall
                0x000079dc       0x10 modules/hal_nordic/nrfx/libmodules__hal_nordic__nrfx.a(nrfx_usbd.c.obj)
                0x000079dc                nrfx_usbd_setup_stall
 .text.nrfx_usbd_last_setup_dir_get
                0x000079ec        0xc modules/hal_nordic/nrfx/libmodules__hal_nordic__nrfx.a(nrfx_usbd.c.obj)
                0x000079ec                nrfx_usbd_last_setup_dir_get
 .text.nrfx_usbd_transfer_out_drop
                0x000079f8       0x54 modules/hal_nordic/nrfx/libmodules__hal_nordic__nrfx.a(nrfx_usbd.c.obj)
                0x000079f8                nrfx_usbd_transfer_out_drop
 .text.usbd_ep_abort
                0x00007a4c       0xe8 modules/hal_nordic/nrfx/libmodules__hal_nordic__nrfx.a(nrfx_usbd.c.obj)
 .text.ev_setup_handler
                0x00007b34       0x78 modules/hal_nordic/nrfx/libmodules__hal_nordic__nrfx.a(nrfx_usbd.c.obj)
 .text.nrfx_usbd_irq_handler
                0x00007bac       0x7c modules/hal_nordic/nrfx/libmodules__hal_nordic__nrfx.a(nrfx_usbd.c.obj)
                0x00007bac                nrfx_usbd_irq_handler
 .text.usbd_ep_abort_all
                0x00007c28       0x4c modules/hal_nordic/nrfx/libmodules__hal_nordic__nrfx.a(nrfx_usbd.c.obj)
 .text.nrfx_usbd_stop
                0x00007c74       0x3c modules/hal_nordic/nrfx/libmodules__hal_nordic__nrfx.a(nrfx_usbd.c.obj)
                0x00007c74                nrfx_usbd_stop
 .text.nrfx_usbd_disable
                0x00007cb0       0x30 modules/hal_nordic/nrfx/libmodules__hal_nordic__nrfx.a(nrfx_usbd.c.obj)
                0x00007cb0                nrfx_usbd_disable
 .text.nrfx_usbd_suspend
                0x00007ce0       0x60 modules/hal_nordic/nrfx/libmodules__hal_nordic__nrfx.a(nrfx_usbd.c.obj)
                0x00007ce0                nrfx_usbd_suspend
 .text.nrfx_usbd_ep_disable
                0x00007d40       0x58 modules/hal_nordic/nrfx/libmodules__hal_nordic__nrfx.a(nrfx_usbd.c.obj)
                0x00007d40                nrfx_usbd_ep_disable
 .text.nrfx_usbd_ep_enable
                0x00007d98       0xa4 modules/hal_nordic/nrfx/libmodules__hal_nordic__nrfx.a(nrfx_usbd.c.obj)
                0x00007d98                nrfx_usbd_ep_enable
 .text.nrfx_usbd_ep_stall_clear
                0x00007e3c       0x20 modules/hal_nordic/nrfx/libmodules__hal_nordic__nrfx.a(nrfx_usbd.c.obj)
                0x00007e3c                nrfx_usbd_ep_stall_clear
 .text._DoInit  0x00007e5c       0x6c modules/segger/libmodules__segger.a(SEGGER_RTT.c.obj)
 .text.z_sys_init_run_level
                0x00007ec8       0x40 zephyr/kernel/libkernel.a(device.c.obj)
                0x00007ec8                z_sys_init_run_level
 .text.z_impl_device_get_binding
                0x00007f08       0x58 zephyr/kernel/libkernel.a(device.c.obj)
                0x00007f08                z_impl_device_get_binding
 .text.z_fatal_error
                0x00007f60       0x98 zephyr/kernel/libkernel.a(fatal.c.obj)
                0x00007f60                z_fatal_error
 .text.init_idle_thread
                0x00007ff8       0x58 zephyr/kernel/libkernel.a(init.c.obj)
 .text.bg_thread_main
                0x00008050       0x34 zephyr/kernel/libkernel.a(init.c.obj)
 .text.z_bss_zero
                0x00008084       0x14 zephyr/kernel/libkernel.a(init.c.obj)
                0x00008084                z_bss_zero
 .text.z_cstart
                0x00008098       0xe0 zephyr/kernel/libkernel.a(init.c.obj)
                0x00008098                z_cstart
 .text.statics_init
                0x00008178       0x24 zephyr/kernel/libkernel.a(kheap.c.obj)
 .text.init_mem_slab_module
                0x0000819c       0x44 zephyr/kernel/libkernel.a(mem_slab.c.obj)
 .text.k_mem_slab_alloc
                0x000081e0       0x60 zephyr/kernel/libkernel.a(mem_slab.c.obj)
                0x000081e0                k_mem_slab_alloc
 .text.z_setup_new_thread
                0x00008240       0x64 zephyr/kernel/libkernel.a(thread.c.obj)
                0x00008240                z_setup_new_thread
 .text.z_impl_k_thread_create
                0x000082a4       0x58 zephyr/kernel/libkernel.a(thread.c.obj)
                0x000082a4                z_impl_k_thread_create
 .text.z_init_static_threads
                0x000082fc       0xbc zephyr/kernel/libkernel.a(thread.c.obj)
                0x000082fc                z_init_static_threads
 .text.z_impl_k_mutex_lock
                0x000083b8       0xfc zephyr/kernel/libkernel.a(mutex.c.obj)
                0x000083b8                z_impl_k_mutex_lock
 .text.z_impl_k_mutex_unlock
                0x000084b4       0x8c zephyr/kernel/libkernel.a(mutex.c.obj)
                0x000084b4                z_impl_k_mutex_unlock
 .text.z_impl_k_queue_get
                0x00008540       0x68 zephyr/kernel/libkernel.a(queue.c.obj)
                0x00008540                z_impl_k_queue_get
 .text.z_impl_k_sem_give
                0x000085a8       0x4c zephyr/kernel/libkernel.a(sem.c.obj)
                0x000085a8                z_impl_k_sem_give
 .text.z_impl_k_sem_take
                0x000085f4       0x54 zephyr/kernel/libkernel.a(sem.c.obj)
                0x000085f4                z_impl_k_sem_take
 .text.work_queue_main
                0x00008648      0x13c zephyr/kernel/libkernel.a(work.c.obj)
 .text.submit_to_queue_locked
                0x00008784       0xa0 zephyr/kernel/libkernel.a(work.c.obj)
 .text.k_work_queue_start
                0x00008824       0x70 zephyr/kernel/libkernel.a(work.c.obj)
                0x00008824                k_work_queue_start
 .text.z_reset_time_slice
                0x00008894       0x2c zephyr/kernel/libkernel.a(sched.c.obj)
                0x00008894                z_reset_time_slice
 .text.k_sched_time_slice_set
                0x000088c0       0x64 zephyr/kernel/libkernel.a(sched.c.obj)
                0x000088c0                k_sched_time_slice_set
 .text.z_reschedule
                0x00008924       0x24 zephyr/kernel/libkernel.a(sched.c.obj)
                0x00008924                z_reschedule
 .text.k_sched_lock
                0x00008948       0x28 zephyr/kernel/libkernel.a(sched.c.obj)
                0x00008948                k_sched_lock
 .text.update_cache
                0x00008970       0x40 zephyr/kernel/libkernel.a(sched.c.obj)
 .text.move_thread_to_end_of_prio_q
                0x000089b0       0x7c zephyr/kernel/libkernel.a(sched.c.obj)
 .text.z_time_slice
                0x00008a2c       0x84 zephyr/kernel/libkernel.a(sched.c.obj)
                0x00008a2c                z_time_slice
 .text.ready_thread
                0x00008ab0       0x70 zephyr/kernel/libkernel.a(sched.c.obj)
 .text.z_sched_start
                0x00008b20       0x3c zephyr/kernel/libkernel.a(sched.c.obj)
                0x00008b20                z_sched_start
 .text.unready_thread
                0x00008b5c       0x30 zephyr/kernel/libkernel.a(sched.c.obj)
 .text.pend     0x00008b8c       0x4c zephyr/kernel/libkernel.a(sched.c.obj)
 .text.z_pend_curr
                0x00008bd8       0x28 zephyr/kernel/libkernel.a(sched.c.obj)
                0x00008bd8                z_pend_curr
 .text.z_set_prio
                0x00008c00       0x98 zephyr/kernel/libkernel.a(sched.c.obj)
                0x00008c00                z_set_prio
 .text.z_impl_k_thread_suspend
                0x00008c98       0x64 zephyr/kernel/libkernel.a(sched.c.obj)
                0x00008c98                z_impl_k_thread_suspend
 .text.k_sched_unlock
                0x00008cfc       0x38 zephyr/kernel/libkernel.a(sched.c.obj)
                0x00008cfc                k_sched_unlock
 .text.z_sched_init
                0x00008d34       0x18 zephyr/kernel/libkernel.a(sched.c.obj)
                0x00008d34                z_sched_init
 .text.z_impl_k_yield
                0x00008d4c       0x84 zephyr/kernel/libkernel.a(sched.c.obj)
                0x00008d4c                z_impl_k_yield
 .text.z_tick_sleep
                0x00008dd0       0x98 zephyr/kernel/libkernel.a(sched.c.obj)
 .text.z_impl_k_sleep
                0x00008e68       0x34 zephyr/kernel/libkernel.a(sched.c.obj)
                0x00008e68                z_impl_k_sleep
 .text.z_impl_z_current_get
                0x00008e9c        0xc zephyr/kernel/libkernel.a(sched.c.obj)
                0x00008e9c                z_impl_z_current_get
 .text.z_impl_k_is_preempt_thread
                0x00008ea8       0x20 zephyr/kernel/libkernel.a(sched.c.obj)
                0x00008ea8                z_impl_k_is_preempt_thread
 .text.z_thread_abort
                0x00008ec8       0xa4 zephyr/kernel/libkernel.a(sched.c.obj)
                0x00008ec8                z_thread_abort
 .text.z_sched_wait
                0x00008f6c       0x24 zephyr/kernel/libkernel.a(sched.c.obj)
                0x00008f6c                z_sched_wait
 .text.z_data_copy
                0x00008f90       0x34 zephyr/kernel/libkernel.a(xip.c.obj)
                0x00008f90                z_data_copy
 .text.elapsed  0x00008fc4       0x14 zephyr/kernel/libkernel.a(timeout.c.obj)
 .text.remove_timeout
                0x00008fd8       0x34 zephyr/kernel/libkernel.a(timeout.c.obj)
 .text.next_timeout
                0x0000900c       0x5c zephyr/kernel/libkernel.a(timeout.c.obj)
 .text.z_add_timeout
                0x00009068      0x110 zephyr/kernel/libkernel.a(timeout.c.obj)
                0x00009068                z_add_timeout
 .text.sys_clock_announce
                0x00009178       0xd8 zephyr/kernel/libkernel.a(timeout.c.obj)
                0x00009178                sys_clock_announce
 .text.sys_clock_tick_get
                0x00009250       0x34 zephyr/kernel/libkernel.a(timeout.c.obj)
                0x00009250                sys_clock_tick_get
 .text.z_timer_expiration_handler
                0x00009284       0x88 zephyr/kernel/libkernel.a(timer.c.obj)
                0x00009284                z_timer_expiration_handler
 .text.z_impl_k_timer_start
                0x0000930c       0xc0 zephyr/kernel/libkernel.a(timer.c.obj)
                0x0000930c                z_impl_k_timer_start
 .text.z_impl_k_poll
                0x000093cc       0xb8 zephyr/kernel/libkernel.a(poll.c.obj)
                0x000093cc                z_impl_k_poll
 .text.z_impl_k_poll_signal_raise
                0x00009484       0x50 zephyr/kernel/libkernel.a(poll.c.obj)
                0x00009484                z_impl_k_poll_signal_raise
 .text.z_thread_aligned_alloc
                0x000094d4       0x40 zephyr/kernel/libkernel.a(mempool.c.obj)
                0x000094d4                z_thread_aligned_alloc
 .text.k_sys_work_q_init
                0x00009514       0x34 zephyr/kernel/libkernel.a(system_work_q.c.obj)
 .text.nrf_cc3xx_platform_init_no_rng
                0x00009548       0x38 C:/ncs/v1.9.1/nrfxlib/crypto/nrf_cc310_platform/lib/cortex-m4/hard-float/no-interrupts/libnrf_cc310_platform_0.9.13.a(nrf_cc3xx_platform.c.obj)
                0x00009548                nrf_cc3xx_platform_init_no_rng
 .text.nrf_cc3xx_platform_abort
                0x00009580       0x24 C:/ncs/v1.9.1/nrfxlib/crypto/nrf_cc310_platform/lib/cortex-m4/hard-float/no-interrupts/libnrf_cc310_platform_0.9.13.a(nrf_cc3xx_platform_abort.c.obj)
 .text.CC_PalAbort
                0x000095a4       0x40 C:/ncs/v1.9.1/nrfxlib/crypto/nrf_cc310_platform/lib/cortex-m4/hard-float/no-interrupts/libnrf_cc310_platform_0.9.13.a(nrf_cc3xx_platform_abort.c.obj)
                0x000095a4                CC_PalAbort
 .text.nrf_cc3xx_platform_set_abort
                0x000095e4       0x10 C:/ncs/v1.9.1/nrfxlib/crypto/nrf_cc310_platform/lib/cortex-m4/hard-float/no-interrupts/libnrf_cc310_platform_0.9.13.a(nrf_cc3xx_platform_abort.c.obj)
                0x000095e4                nrf_cc3xx_platform_set_abort
 .text.mutex_free
                0x000095f4       0x28 C:/ncs/v1.9.1/nrfxlib/crypto/nrf_cc310_platform/lib/cortex-m4/hard-float/no-interrupts/libnrf_cc310_platform_0.9.13.a(nrf_cc3xx_platform_mutex.c.obj)
 .text.mutex_unlock
                0x0000961c       0x2c C:/ncs/v1.9.1/nrfxlib/crypto/nrf_cc310_platform/lib/cortex-m4/hard-float/no-interrupts/libnrf_cc310_platform_0.9.13.a(nrf_cc3xx_platform_mutex.c.obj)
 .text.mutex_init
                0x00009648       0x1c C:/ncs/v1.9.1/nrfxlib/crypto/nrf_cc310_platform/lib/cortex-m4/hard-float/no-interrupts/libnrf_cc310_platform_0.9.13.a(nrf_cc3xx_platform_mutex.c.obj)
 .text.mutex_lock
                0x00009664       0x44 C:/ncs/v1.9.1/nrfxlib/crypto/nrf_cc310_platform/lib/cortex-m4/hard-float/no-interrupts/libnrf_cc310_platform_0.9.13.a(nrf_cc3xx_platform_mutex.c.obj)
 .text.nrf_cc3xx_platform_set_mutexes
                0x000096a8       0x60 C:/ncs/v1.9.1/nrfxlib/crypto/nrf_cc310_platform/lib/cortex-m4/hard-float/no-interrupts/libnrf_cc310_platform_0.9.13.a(nrf_cc3xx_platform_mutex.c.obj)
                0x000096a8                nrf_cc3xx_platform_set_mutexes
 .text.mbedtls_platform_zeroize
                0x00009708       0x14 C:/ncs/v1.9.1/nrfxlib/crypto/nrf_cc310_platform/lib/cortex-m4/hard-float/no-interrupts/libnrf_cc310_platform_0.9.13.a(mbedtls_common.c.obj)
                0x00009708                mbedtls_platform_zeroize
 .text.CC_LibInitNoRng
                0x0000971c       0x6c C:/ncs/v1.9.1/nrfxlib/crypto/nrf_cc310_platform/lib/cortex-m4/hard-float/no-interrupts/libnrf_cc310_platform_0.9.13.a(cc_lib.c.obj)
                0x0000971c                CC_LibInitNoRng
 .text.CC_HalInit
                0x00009788        0x4 C:/ncs/v1.9.1/nrfxlib/crypto/nrf_cc310_platform/lib/cortex-m4/hard-float/no-interrupts/libnrf_cc310_platform_0.9.13.a(cc_hal.c.obj)
                0x00009788                CC_HalInit
 .text.CC_HalTerminate
                0x0000978c        0x4 C:/ncs/v1.9.1/nrfxlib/crypto/nrf_cc310_platform/lib/cortex-m4/hard-float/no-interrupts/libnrf_cc310_platform_0.9.13.a(cc_hal.c.obj)
                0x0000978c                CC_HalTerminate
 .text.CC_HalMaskInterrupt
                0x00009790        0xc C:/ncs/v1.9.1/nrfxlib/crypto/nrf_cc310_platform/lib/cortex-m4/hard-float/no-interrupts/libnrf_cc310_platform_0.9.13.a(cc_hal.c.obj)
                0x00009790                CC_HalMaskInterrupt
 .text.CC_PalInit
                0x0000979c       0x5c C:/ncs/v1.9.1/nrfxlib/crypto/nrf_cc310_platform/lib/cortex-m4/hard-float/no-interrupts/libnrf_cc310_platform_0.9.13.a(cc_pal.c.obj)
                0x0000979c                CC_PalInit
 .text.CC_PalTerminate
                0x000097f8       0x34 C:/ncs/v1.9.1/nrfxlib/crypto/nrf_cc310_platform/lib/cortex-m4/hard-float/no-interrupts/libnrf_cc310_platform_0.9.13.a(cc_pal.c.obj)
                0x000097f8                CC_PalTerminate
 .text.CC_PalDmaInit
                0x0000982c        0x4 C:/ncs/v1.9.1/nrfxlib/crypto/nrf_cc310_platform/lib/cortex-m4/hard-float/no-interrupts/libnrf_cc310_platform_0.9.13.a(cc_pal_dma.c.obj)
                0x0000982c                CC_PalDmaInit
 .text.CC_PalDmaTerminate
                0x00009830        0x4 C:/ncs/v1.9.1/nrfxlib/crypto/nrf_cc310_platform/lib/cortex-m4/hard-float/no-interrupts/libnrf_cc310_platform_0.9.13.a(cc_pal_dma.c.obj)
                0x00009830                CC_PalDmaTerminate
 .text.CC_PalMutexCreate
                0x00009834       0x14 C:/ncs/v1.9.1/nrfxlib/crypto/nrf_cc310_platform/lib/cortex-m4/hard-float/no-interrupts/libnrf_cc310_platform_0.9.13.a(cc_pal_mutex.c.obj)
                0x00009834                CC_PalMutexCreate
 .text.CC_PalMutexDestroy
                0x00009848       0x14 C:/ncs/v1.9.1/nrfxlib/crypto/nrf_cc310_platform/lib/cortex-m4/hard-float/no-interrupts/libnrf_cc310_platform_0.9.13.a(cc_pal_mutex.c.obj)
                0x00009848                CC_PalMutexDestroy
 .text.CC_PalPowerSaveModeInit
                0x0000985c       0x3c C:/ncs/v1.9.1/nrfxlib/crypto/nrf_cc310_platform/lib/cortex-m4/hard-float/no-interrupts/libnrf_cc310_platform_0.9.13.a(cc_pal_pm.c.obj)
                0x0000985c                CC_PalPowerSaveModeInit
 .text.CC_PalPowerSaveModeSelect
                0x00009898       0x84 C:/ncs/v1.9.1/nrfxlib/crypto/nrf_cc310_platform/lib/cortex-m4/hard-float/no-interrupts/libnrf_cc310_platform_0.9.13.a(cc_pal_pm.c.obj)
                0x00009898                CC_PalPowerSaveModeSelect
 .text.verify_context_ecdsa_verify_secp256r1
                0x0000991c       0x20 C:/ncs/v1.9.1/nrfxlib/crypto/nrf_cc310_bl/lib/cortex-m4/hard-float/no-interrupts/libnrf_cc310_bl_0.9.12.a(nrf_cc310_bl_ecdsa_verify_secp256r1.c.obj)
 .text.nrf_cc310_bl_ecdsa_verify_init_secp256r1
                0x0000993c       0x4c C:/ncs/v1.9.1/nrfxlib/crypto/nrf_cc310_bl/lib/cortex-m4/hard-float/no-interrupts/libnrf_cc310_bl_0.9.12.a(nrf_cc310_bl_ecdsa_verify_secp256r1.c.obj)
                0x0000993c                nrf_cc310_bl_ecdsa_verify_init_secp256r1
 .text.nrf_cc310_bl_ecdsa_verify_hash_secp256r1
                0x00009988      0x168 C:/ncs/v1.9.1/nrfxlib/crypto/nrf_cc310_bl/lib/cortex-m4/hard-float/no-interrupts/libnrf_cc310_bl_0.9.12.a(nrf_cc310_bl_ecdsa_verify_secp256r1.c.obj)
                0x00009988                nrf_cc310_bl_ecdsa_verify_hash_secp256r1
 .text.set_digest_in_hw_sha256
                0x00009af0       0x38 C:/ncs/v1.9.1/nrfxlib/crypto/nrf_cc310_bl/lib/cortex-m4/hard-float/no-interrupts/libnrf_cc310_bl_0.9.12.a(nrf_cc310_bl_hash_sha256.c.obj)
 .text.read_digest_in_hw_sha256
                0x00009b28       0x54 C:/ncs/v1.9.1/nrfxlib/crypto/nrf_cc310_bl/lib/cortex-m4/hard-float/no-interrupts/libnrf_cc310_bl_0.9.12.a(nrf_cc310_bl_hash_sha256.c.obj)
 .text.verify_context_hash_sha256
                0x00009b7c       0x20 C:/ncs/v1.9.1/nrfxlib/crypto/nrf_cc310_bl/lib/cortex-m4/hard-float/no-interrupts/libnrf_cc310_bl_0.9.12.a(nrf_cc310_bl_hash_sha256.c.obj)
 .text.nrf_cc310_bl_hash_sha256_init
                0x00009b9c       0x34 C:/ncs/v1.9.1/nrfxlib/crypto/nrf_cc310_bl/lib/cortex-m4/hard-float/no-interrupts/libnrf_cc310_bl_0.9.12.a(nrf_cc310_bl_hash_sha256.c.obj)
                0x00009b9c                nrf_cc310_bl_hash_sha256_init
 .text.nrf_cc310_bl_hash_sha256_update
                0x00009bd0       0xb0 C:/ncs/v1.9.1/nrfxlib/crypto/nrf_cc310_bl/lib/cortex-m4/hard-float/no-interrupts/libnrf_cc310_bl_0.9.12.a(nrf_cc310_bl_hash_sha256.c.obj)
                0x00009bd0                nrf_cc310_bl_hash_sha256_update
 .text.nrf_cc310_bl_hash_sha256_finalize
                0x00009c80       0x60 C:/ncs/v1.9.1/nrfxlib/crypto/nrf_cc310_bl/lib/cortex-m4/hard-float/no-interrupts/libnrf_cc310_bl_0.9.12.a(nrf_cc310_bl_hash_sha256.c.obj)
                0x00009c80                nrf_cc310_bl_hash_sha256_finalize
 .text.nrf_cc310_bl_init
                0x00009ce0       0x34 C:/ncs/v1.9.1/nrfxlib/crypto/nrf_cc310_bl/lib/cortex-m4/hard-float/no-interrupts/libnrf_cc310_bl_0.9.12.a(nrf_cc310_bl_init.c.obj)
                0x00009ce0                nrf_cc310_bl_init
 .text.PkaSetRegsMapTab
                0x00009d14       0x48 C:/ncs/v1.9.1/nrfxlib/crypto/nrf_cc310_bl/lib/cortex-m4/hard-float/no-interrupts/libnrf_cc310_bl_0.9.12.a(pka.c.obj)
                0x00009d14                PkaSetRegsMapTab
 .text.PkaGetRegEffectiveSizeInBits
                0x00009d5c       0x8c C:/ncs/v1.9.1/nrfxlib/crypto/nrf_cc310_bl/lib/cortex-m4/hard-float/no-interrupts/libnrf_cc310_bl_0.9.12.a(pka.c.obj)
                0x00009d5c                PkaGetRegEffectiveSizeInBits
 .text.PkaGetNextMsBit
                0x00009de8       0x74 C:/ncs/v1.9.1/nrfxlib/crypto/nrf_cc310_bl/lib/cortex-m4/hard-float/no-interrupts/libnrf_cc310_bl_0.9.12.a(pka.c.obj)
                0x00009de8                PkaGetNextMsBit
 .text.PkaSetRegsSizesTab
                0x00009e5c       0x3c C:/ncs/v1.9.1/nrfxlib/crypto/nrf_cc310_bl/lib/cortex-m4/hard-float/no-interrupts/libnrf_cc310_bl_0.9.12.a(pka.c.obj)
                0x00009e5c                PkaSetRegsSizesTab
 .text.PkaInitPka
                0x00009e98       0x74 C:/ncs/v1.9.1/nrfxlib/crypto/nrf_cc310_bl/lib/cortex-m4/hard-float/no-interrupts/libnrf_cc310_bl_0.9.12.a(pka.c.obj)
                0x00009e98                PkaInitPka
 .text.PkaClearBlockOfRegs
                0x00009f0c      0x130 C:/ncs/v1.9.1/nrfxlib/crypto/nrf_cc310_bl/lib/cortex-m4/hard-float/no-interrupts/libnrf_cc310_bl_0.9.12.a(pka.c.obj)
                0x00009f0c                PkaClearBlockOfRegs
 .text.PkaFinishAndMutexUnlock
                0x0000a03c       0x24 C:/ncs/v1.9.1/nrfxlib/crypto/nrf_cc310_bl/lib/cortex-m4/hard-float/no-interrupts/libnrf_cc310_bl_0.9.12.a(pka.c.obj)
                0x0000a03c                PkaFinishAndMutexUnlock
 .text.PkaCopyDataIntoPkaReg
                0x0000a060       0xb8 C:/ncs/v1.9.1/nrfxlib/crypto/nrf_cc310_bl/lib/cortex-m4/hard-float/no-interrupts/libnrf_cc310_bl_0.9.12.a(pka.c.obj)
                0x0000a060                PkaCopyDataIntoPkaReg
 .text.PkaEcdsaVerify
                0x0000a118      0x284 C:/ncs/v1.9.1/nrfxlib/crypto/nrf_cc310_bl/lib/cortex-m4/hard-float/no-interrupts/libnrf_cc310_bl_0.9.12.a(pka_ec_wrst_dsa_verify.c.obj)
                0x0000a118                PkaEcdsaVerify
 .text.nrf_cc310_bl_hash_update_internal
                0x0000a39c       0xf0 C:/ncs/v1.9.1/nrfxlib/crypto/nrf_cc310_bl/lib/cortex-m4/hard-float/no-interrupts/libnrf_cc310_bl_0.9.12.a(nrf_cc310_bl_hash.c.obj)
                0x0000a39c                nrf_cc310_bl_hash_update_internal
 .text.PkaDoubleMdf2Mdf
                0x0000a48c      0x1ac C:/ncs/v1.9.1/nrfxlib/crypto/nrf_cc310_bl/lib/cortex-m4/hard-float/no-interrupts/libnrf_cc310_bl_0.9.12.a(pka_ec_wrst.c.obj)
                0x0000a48c                PkaDoubleMdf2Mdf
 .text.PkaDoubleMdf2Jcb
                0x0000a638      0x178 C:/ncs/v1.9.1/nrfxlib/crypto/nrf_cc310_bl/lib/cortex-m4/hard-float/no-interrupts/libnrf_cc310_bl_0.9.12.a(pka_ec_wrst.c.obj)
                0x0000a638                PkaDoubleMdf2Jcb
 .text.PkaAddJcbAfn2Mdf
                0x0000a7b0      0x194 C:/ncs/v1.9.1/nrfxlib/crypto/nrf_cc310_bl/lib/cortex-m4/hard-float/no-interrupts/libnrf_cc310_bl_0.9.12.a(pka_ec_wrst.c.obj)
                0x0000a7b0                PkaAddJcbAfn2Mdf
 .text.PkaJcb2Afn
                0x0000a944       0xb0 C:/ncs/v1.9.1/nrfxlib/crypto/nrf_cc310_bl/lib/cortex-m4/hard-float/no-interrupts/libnrf_cc310_bl_0.9.12.a(pka_ec_wrst.c.obj)
                0x0000a944                PkaJcb2Afn
 .text.PkaAddAff
                0x0000a9f4      0x114 C:/ncs/v1.9.1/nrfxlib/crypto/nrf_cc310_bl/lib/cortex-m4/hard-float/no-interrupts/libnrf_cc310_bl_0.9.12.a(pka_ec_wrst.c.obj)
                0x0000a9f4                PkaAddAff
 .text.PkaSum2ScalarMullt
                0x0000ab08      0x1e4 C:/ncs/v1.9.1/nrfxlib/crypto/nrf_cc310_bl/lib/cortex-m4/hard-float/no-interrupts/libnrf_cc310_bl_0.9.12.a(pka_ec_wrst.c.obj)
                0x0000ab08                PkaSum2ScalarMullt
 .text.SaSi_HalClearInterruptBit
                0x0000acec        0xc C:/ncs/v1.9.1/nrfxlib/crypto/nrf_cc310_bl/lib/cortex-m4/hard-float/no-interrupts/libnrf_cc310_bl_0.9.12.a(ssi_hal.c.obj)
                0x0000acec                SaSi_HalClearInterruptBit
 .text.SaSi_HalMaskInterrupt
                0x0000acf8        0xc C:/ncs/v1.9.1/nrfxlib/crypto/nrf_cc310_bl/lib/cortex-m4/hard-float/no-interrupts/libnrf_cc310_bl_0.9.12.a(ssi_hal.c.obj)
                0x0000acf8                SaSi_HalMaskInterrupt
 .text.SaSi_HalWaitInterrupt
                0x0000ad04       0x18 C:/ncs/v1.9.1/nrfxlib/crypto/nrf_cc310_bl/lib/cortex-m4/hard-float/no-interrupts/libnrf_cc310_bl_0.9.12.a(ssi_hal.c.obj)
                0x0000ad04                SaSi_HalWaitInterrupt
 .text.flash_area_id_from_multi_image_slot
                0x0000ad1c       0x12 app/libapp.a(flash_map_extended.c.obj)
                0x0000ad1c                flash_area_id_from_multi_image_slot
 .text.flash_area_get_device_id
                0x0000ad2e        0x4 app/libapp.a(flash_map_extended.c.obj)
                0x0000ad2e                flash_area_get_device_id
 .text.os_heap_init
                0x0000ad32        0x2 app/libapp.a(os.c.obj)
                0x0000ad32                os_heap_init
 .text.bootutil_tlv_iter_begin
                0x0000ad34       0x98 app/libapp.a(tlv.c.obj)
                0x0000ad34                bootutil_tlv_iter_begin
 .text.bootutil_tlv_iter_next
                0x0000adcc       0x96 app/libapp.a(tlv.c.obj)
                0x0000adcc                bootutil_tlv_iter_next
 .text.bootutil_read_bigint
                0x0000ae62       0x58 app/libapp.a(image_ec256.c.obj)
 .text.boot_fih_memequal
                0x0000aeba        0x4 app/libapp.a(bootutil_misc.c.obj)
                0x0000aeba                boot_fih_memequal
 .text.boot_trailer_sz
                0x0000aebe        0xa app/libapp.a(bootutil_misc.c.obj)
                0x0000aebe                boot_trailer_sz
 .text.boot_status_entries
                0x0000aec8       0x1a app/libapp.a(bootutil_misc.c.obj)
                0x0000aec8                boot_status_entries
 .text.boot_status_off
                0x0000aee2       0x18 app/libapp.a(bootutil_misc.c.obj)
                0x0000aee2                boot_status_off
 .text.boot_write_copy_done
                0x0000aefa        0xa app/libapp.a(bootutil_misc.c.obj)
                0x0000aefa                boot_write_copy_done
 .text.boot_write_swap_size
                0x0000af04       0x1e app/libapp.a(bootutil_misc.c.obj)
                0x0000af04                boot_write_swap_size
 .text.boot_read_image_size
                0x0000af22       0x90 app/libapp.a(loader.c.obj)
 .text.boot_read_image_headers
                0x0000afb2       0x32 app/libapp.a(loader.c.obj)
 .text.boot_read_sectors
                0x0000afe4       0x42 app/libapp.a(loader.c.obj)
 .text.boot_status_reset
                0x0000b026       0x12 app/libapp.a(loader.c.obj)
                0x0000b026                boot_status_reset
 .text.boot_status_is_reset
                0x0000b038       0x1a app/libapp.a(loader.c.obj)
                0x0000b038                boot_status_is_reset
 .text.boot_write_status
                0x0000b052       0x64 app/libapp.a(loader.c.obj)
                0x0000b052                boot_write_status
 .text.boot_erase_region
                0x0000b0b6        0x4 app/libapp.a(loader.c.obj)
                0x0000b0b6                boot_erase_region
 .text.swap_erase_trailer_sectors
                0x0000b0ba       0x6c app/libapp.a(swap_misc.c.obj)
                0x0000b0ba                swap_erase_trailer_sectors
 .text.swap_status_init
                0x0000b126       0x3e app/libapp.a(swap_misc.c.obj)
                0x0000b126                swap_status_init
 .text.swap_read_status
                0x0000b164       0x78 app/libapp.a(swap_misc.c.obj)
                0x0000b164                swap_read_status
 .text.swap_set_copy_done
                0x0000b1dc       0x24 app/libapp.a(swap_misc.c.obj)
                0x0000b1dc                swap_set_copy_done
 .text.swap_set_image_ok
                0x0000b200       0x3c app/libapp.a(swap_misc.c.obj)
                0x0000b200                swap_set_image_ok
 .text.boot_status_internal_off
                0x0000b23c       0x30 app/libapp.a(swap_move.c.obj)
                0x0000b23c                boot_status_internal_off
 .text.mbedtls_asn1_get_len
                0x0000b26c       0x90 app/libapp.a(asn1parse.c.obj)
                0x0000b26c                mbedtls_asn1_get_len
 .text.mbedtls_asn1_get_tag
                0x0000b2fc       0x28 app/libapp.a(asn1parse.c.obj)
                0x0000b2fc                mbedtls_asn1_get_tag
 .text.mbedtls_asn1_get_bitstring_null
                0x0000b324       0x28 app/libapp.a(asn1parse.c.obj)
                0x0000b324                mbedtls_asn1_get_bitstring_null
 .text.mbedtls_asn1_get_alg
                0x0000b34c       0x96 app/libapp.a(asn1parse.c.obj)
                0x0000b34c                mbedtls_asn1_get_alg
 .text.cc310_sha256_update
                0x0000b3e2       0x36 app/libapp.a(cc310_glue.c.obj)
                0x0000b3e2                cc310_sha256_update
 .text.sys_notify_validate
                0x0000b418       0x28 zephyr/libzephyr.a(notify.c.obj)
                0x0000b418                sys_notify_validate
 .text.sys_notify_finalize
                0x0000b440       0x32 zephyr/libzephyr.a(notify.c.obj)
                0x0000b440                sys_notify_finalize
 .text.arch_printk_char_out
                0x0000b472        0x4 zephyr/libzephyr.a(printk.c.obj)
                0x0000b472                arch_printk_char_out
 .text.printk   0x0000b476       0x1a zephyr/libzephyr.a(printk.c.obj)
                0x0000b476                printk
 .text.process_recheck
                0x0000b490       0x38 zephyr/libzephyr.a(onoff.c.obj)
 .text.notify_one
                0x0000b4c8       0x2c zephyr/libzephyr.a(onoff.c.obj)
 .text.transition_complete
                0x0000b4f4       0x1e zephyr/libzephyr.a(onoff.c.obj)
 .text.validate_args
                0x0000b512       0x1e zephyr/libzephyr.a(onoff.c.obj)
 .text.onoff_manager_init
                0x0000b530       0x26 zephyr/libzephyr.a(onoff.c.obj)
                0x0000b530                onoff_manager_init
 .text.onoff_request
                0x0000b556       0x92 zephyr/libzephyr.a(onoff.c.obj)
                0x0000b556                onoff_request
 .text.onoff_release
                0x0000b5e8       0x4a zephyr/libzephyr.a(onoff.c.obj)
                0x0000b5e8                onoff_release
 .text.onoff_cancel
                0x0000b632       0x60 zephyr/libzephyr.a(onoff.c.obj)
                0x0000b632                onoff_cancel
 .text.z_thread_entry
                0x0000b692       0x14 zephyr/libzephyr.a(thread_entry.c.obj)
                0x0000b692                z_thread_entry
 .text.chunk_size
                0x0000b6a6        0xa zephyr/libzephyr.a(heap.c.obj)
 .text.free_list_add
                0x0000b6b0       0x4e zephyr/libzephyr.a(heap.c.obj)
 .text.free_list_remove_bidx
                0x0000b6fe       0x3a zephyr/libzephyr.a(heap.c.obj)
 .text.free_list_remove
                0x0000b738       0x1e zephyr/libzephyr.a(heap.c.obj)
 .text.alloc_chunk
                0x0000b756       0x6c zephyr/libzephyr.a(heap.c.obj)
 .text.merge_chunks
                0x0000b7c2       0x2e zephyr/libzephyr.a(heap.c.obj)
 .text.split_chunks
                0x0000b7f0       0x34 zephyr/libzephyr.a(heap.c.obj)
 .text.free_chunk
                0x0000b824       0x64 zephyr/libzephyr.a(heap.c.obj)
 .text.sys_heap_free
                0x0000b888       0x1e zephyr/libzephyr.a(heap.c.obj)
                0x0000b888                sys_heap_free
 .text.sys_heap_alloc
                0x0000b8a6       0x56 zephyr/libzephyr.a(heap.c.obj)
                0x0000b8a6                sys_heap_alloc
 .text.sys_heap_aligned_alloc
                0x0000b8fc       0xd2 zephyr/libzephyr.a(heap.c.obj)
                0x0000b8fc                sys_heap_aligned_alloc
 .text.sys_heap_init
                0x0000b9ce       0x6c zephyr/libzephyr.a(heap.c.obj)
                0x0000b9ce                sys_heap_init
 .text.ring_buf_get_rewind_threshold
                0x0000ba3a        0x6 zephyr/libzephyr.a(ring_buffer.c.obj)
                0x0000ba3a                ring_buf_get_rewind_threshold
 .text.ring_buf_is_empty
                0x0000ba40       0x20 zephyr/libzephyr.a(ring_buffer.c.obj)
                0x0000ba40                ring_buf_is_empty
 .text.ring_buf_put_claim
                0x0000ba60       0x38 zephyr/libzephyr.a(ring_buffer.c.obj)
                0x0000ba60                ring_buf_put_claim
 .text.ring_buf_put_finish
                0x0000ba98       0x34 zephyr/libzephyr.a(ring_buffer.c.obj)
                0x0000ba98                ring_buf_put_finish
 .text.ring_buf_put
                0x0000bacc       0x3e zephyr/libzephyr.a(ring_buffer.c.obj)
                0x0000bacc                ring_buf_put
 .text.ring_buf_get_claim
                0x0000bb0a       0x56 zephyr/libzephyr.a(ring_buffer.c.obj)
                0x0000bb0a                ring_buf_get_claim
 .text.ring_buf_get_finish
                0x0000bb60       0x38 zephyr/libzephyr.a(ring_buffer.c.obj)
                0x0000bb60                ring_buf_get_finish
 .text.ring_buf_get
                0x0000bb98       0x40 zephyr/libzephyr.a(ring_buffer.c.obj)
                0x0000bb98                ring_buf_get
 .text._ConfigAbsSyms
                0x0000bbd8        0x2 zephyr/libzephyr.a(configs.c.obj)
                0x0000bbd8                _ConfigAbsSyms
 .text.z_log_minimal_printk
                0x0000bbda       0x1a zephyr/libzephyr.a(log_minimal.c.obj)
                0x0000bbda                z_log_minimal_printk
 .text.flash_img_buffered_write
                0x0000bbf4       0x3a zephyr/libzephyr.a(flash_img.c.obj)
                0x0000bbf4                flash_img_buffered_write
 .text.flash_img_init_id
                0x0000bc2e       0x42 zephyr/libzephyr.a(flash_img.c.obj)
                0x0000bc2e                flash_img_init_id
 .text.flash_img_init
                0x0000bc70        0x6 zephyr/libzephyr.a(flash_img.c.obj)
                0x0000bc70                flash_img_init
 .text.usb_get_dev_data_by_cfg
                0x0000bc76       0x1e zephyr/libzephyr.a(usb_descriptor.c.obj)
                0x0000bc76                usb_get_dev_data_by_cfg
 .text.usb_get_dev_data_by_iface
                0x0000bc94       0x22 zephyr/libzephyr.a(usb_descriptor.c.obj)
                0x0000bc94                usb_get_dev_data_by_iface
 .text.usb_get_dev_data_by_ep
                0x0000bcb6       0x34 zephyr/libzephyr.a(usb_descriptor.c.obj)
                0x0000bcb6                usb_get_dev_data_by_ep
 .text.usb_transfer_is_busy
                0x0000bcea       0x16 zephyr/libzephyr.a(usb_transfer.c.obj)
                0x0000bcea                usb_transfer_is_busy
 .text.cdc_interface_config
                0x0000bd00       0x14 zephyr/libzephyr.a(cdc_acm.c.obj)
 .text.cdc_acm_irq_callback_work_handler
                0x0000bd14        0x8 zephyr/libzephyr.a(cdc_acm.c.obj)
 .text.cdc_acm_irq_tx_disable
                0x0000bd1c        0xa zephyr/libzephyr.a(cdc_acm.c.obj)
 .text.cdc_acm_irq_tx_ready
                0x0000bd26        0xe zephyr/libzephyr.a(cdc_acm.c.obj)
 .text.cdc_acm_irq_rx_disable
                0x0000bd34        0xa zephyr/libzephyr.a(cdc_acm.c.obj)
 .text.cdc_acm_irq_rx_ready
                0x0000bd3e        0x8 zephyr/libzephyr.a(cdc_acm.c.obj)
 .text.cdc_acm_irq_is_pending
                0x0000bd46       0x1e zephyr/libzephyr.a(cdc_acm.c.obj)
 .text.cdc_acm_irq_update
                0x0000bd64        0x4 zephyr/libzephyr.a(cdc_acm.c.obj)
 .text.cdc_acm_irq_callback_set
                0x0000bd68        0x8 zephyr/libzephyr.a(cdc_acm.c.obj)
 .text.cdc_acm_fifo_read
                0x0000bd70       0x1e zephyr/libzephyr.a(cdc_acm.c.obj)
 .text.cdc_acm_poll_in
                0x0000bd8e       0x12 zephyr/libzephyr.a(cdc_acm.c.obj)
 .text.flash_area_close
                0x0000bda0        0x2 zephyr/libzephyr.a(flash_map.c.obj)
                0x0000bda0                flash_area_close
 .text.flash_area_read
                0x0000bda2       0x38 zephyr/libzephyr.a(flash_map.c.obj)
                0x0000bda2                flash_area_read
 .text.flash_area_write
                0x0000bdda       0x5c zephyr/libzephyr.a(flash_map.c.obj)
                0x0000bdda                flash_area_write
 .text.flash_area_erase
                0x0000be36       0x5e zephyr/libzephyr.a(flash_map.c.obj)
                0x0000be36                flash_area_erase
 .text.flash_area_align
                0x0000be94       0x12 zephyr/libzephyr.a(flash_map.c.obj)
                0x0000be94                flash_area_align
 .text.flash_area_get_device
                0x0000bea6        0x6 zephyr/libzephyr.a(flash_map.c.obj)
                0x0000bea6                flash_area_get_device
 .text.flash_area_erased_val
                0x0000beac       0x12 zephyr/libzephyr.a(flash_map.c.obj)
                0x0000beac                flash_area_erased_val
 .text.get_sectors_cb
                0x0000bebe       0x3c zephyr/libzephyr.a(flash_map_layout.c.obj)
 .text.z_impl_flash_get_write_block_size
                0x0000befa        0xc zephyr/libzephyr.a(stream_flash.c.obj)
 .text.stream_flash_buffered_write
                0x0000bf06       0x88 zephyr/libzephyr.a(stream_flash.c.obj)
                0x0000bf06                stream_flash_buffered_write
 .text.abort_function
                0x0000bf8e        0x8 zephyr/libzephyr.a(nrf_cc3xx_platform_abort_zephyr.c.obj)
 .text.z_do_kernel_oops
                0x0000bf96        0x8 zephyr/arch/arch/arm/core/aarch32/libarch__arm__core__aarch32.a(fatal.c.obj)
                0x0000bf96                z_do_kernel_oops
 .text.z_irq_spurious
                0x0000bf9e        0x8 zephyr/arch/arch/arm/core/aarch32/libarch__arm__core__aarch32.a(irq_manage.c.obj)
                0x0000bf9e                z_irq_spurious
 .text.z_arm_nmi
                0x0000bfa6        0xe zephyr/arch/arch/arm/core/aarch32/libarch__arm__core__aarch32.a(nmi.c.obj)
                0x0000bfa6                z_arm_nmi
 .text.strcpy   0x0000bfb4       0x14 zephyr/lib/libc/minimal/liblib__libc__minimal.a(string.c.obj)
                0x0000bfb4                strcpy
 .text.strlen   0x0000bfc8        0xe zephyr/lib/libc/minimal/liblib__libc__minimal.a(string.c.obj)
                0x0000bfc8                strlen
 .text.strcmp   0x0000bfd6       0x18 zephyr/lib/libc/minimal/liblib__libc__minimal.a(string.c.obj)
                0x0000bfd6                strcmp
 .text.memcmp   0x0000bfee       0x20 zephyr/lib/libc/minimal/liblib__libc__minimal.a(string.c.obj)
                0x0000bfee                memcmp
 .text.memcpy   0x0000c00e       0x16 zephyr/lib/libc/minimal/liblib__libc__minimal.a(string.c.obj)
                0x0000c00e                memcpy
 .text.memset   0x0000c024       0x12 zephyr/lib/libc/minimal/liblib__libc__minimal.a(string.c.obj)
                0x0000c024                memset
 .text.boot_request_upgrade
                0x0000c036       0x10 zephyr/subsys/dfu/boot/libsubsys__dfu__boot.a(mcuboot.c.obj)
                0x0000c036                boot_request_upgrade
 .text.fixed_data_unref
                0x0000c046        0x2 zephyr/subsys/net/libsubsys__net.a(buf.c.obj)
 .text.ep_ctx_reset
                0x0000c048       0x26 zephyr/drivers/usb/device/libdrivers__usb__device.a(usb_dc_nrfx.c.obj)
 .text.k_mutex_unlock
                0x0000c06e        0x4 zephyr/drivers/usb/device/libdrivers__usb__device.a(usb_dc_nrfx.c.obj)
 .text.k_mutex_lock.constprop.0
                0x0000c072        0x4 zephyr/drivers/usb/device/libdrivers__usb__device.a(usb_dc_nrfx.c.obj)
 .text.usb_dc_ep_read
                0x0000c076       0x1e zephyr/drivers/usb/device/libdrivers__usb__device.a(usb_dc_nrfx.c.obj)
                0x0000c076                usb_dc_ep_read
 .text.get_status
                0x0000c094       0x12 zephyr/drivers/clock_control/libdrivers__clock_control.a(clock_control_nrf.c.obj)
 .text.set_off_state
                0x0000c0a6       0x32 zephyr/drivers/clock_control/libdrivers__clock_control.a(clock_control_nrf.c.obj)
 .text.set_starting_state
                0x0000c0d8       0x3c zephyr/drivers/clock_control/libdrivers__clock_control.a(clock_control_nrf.c.obj)
 .text.set_on_state
                0x0000c114       0x26 zephyr/drivers/clock_control/libdrivers__clock_control.a(clock_control_nrf.c.obj)
 .text.onoff_started_callback
                0x0000c13a       0x14 zephyr/drivers/clock_control/libdrivers__clock_control.a(clock_control_nrf.c.obj)
 .text.lfclk_start
                0x0000c14e        0x6 zephyr/drivers/clock_control/libdrivers__clock_control.a(clock_control_nrf.c.obj)
 .text.lfclk_stop
                0x0000c154        0x6 zephyr/drivers/clock_control/libdrivers__clock_control.a(clock_control_nrf.c.obj)
 .text.blocking_start_callback
                0x0000c15a        0x6 zephyr/drivers/clock_control/libdrivers__clock_control.a(clock_control_nrf.c.obj)
 .text.api_stop
                0x0000c160       0x28 zephyr/drivers/clock_control/libdrivers__clock_control.a(clock_control_nrf.c.obj)
 .text.api_start
                0x0000c188       0x34 zephyr/drivers/clock_control/libdrivers__clock_control.a(clock_control_nrf.c.obj)
 .text.gpio_nrfx_port_get_raw
                0x0000c1bc        0xe zephyr/drivers/gpio/libdrivers__gpio.a(gpio_nrfx.c.obj)
 .text.gpio_nrfx_port_set_masked_raw
                0x0000c1ca       0x16 zephyr/drivers/gpio/libdrivers__gpio.a(gpio_nrfx.c.obj)
 .text.gpio_nrfx_port_set_bits_raw
                0x0000c1e0        0xc zephyr/drivers/gpio/libdrivers__gpio.a(gpio_nrfx.c.obj)
 .text.gpio_nrfx_port_clear_bits_raw
                0x0000c1ec        0xc zephyr/drivers/gpio/libdrivers__gpio.a(gpio_nrfx.c.obj)
 .text.gpio_nrfx_port_toggle_bits
                0x0000c1f8       0x12 zephyr/drivers/gpio/libdrivers__gpio.a(gpio_nrfx.c.obj)
 .text.gpio_nrfx_manage_callback
                0x0000c20a       0x56 zephyr/drivers/gpio/libdrivers__gpio.a(gpio_nrfx.c.obj)
 .text.z_impl_hwinfo_get_device_id
                0x0000c260       0x6e zephyr/drivers/hwinfo/libdrivers__hwinfo.a(hwinfo_nrf.c.obj)
                0x0000c260                z_impl_hwinfo_get_device_id
 .text.is_regular_addr_valid
                0x0000c2ce       0x26 zephyr/drivers/flash/libdrivers__flash.a(soc_flash_nrf.c.obj)
 .text.flash_get_page_info
                0x0000c2f4       0x6c zephyr/drivers/flash/libdrivers__flash.a(flash_page_layout.c.obj)
 .text.z_impl_flash_get_page_info_by_offs
                0x0000c360        0x8 zephyr/drivers/flash/libdrivers__flash.a(flash_page_layout.c.obj)
                0x0000c360                z_impl_flash_get_page_info_by_offs
 .text.flash_page_foreach
                0x0000c368       0x58 zephyr/drivers/flash/libdrivers__flash.a(flash_page_layout.c.obj)
                0x0000c368                flash_page_foreach
 .text.uarte_nrfx_isr_int
                0x0000c3c0       0xc0 zephyr/drivers/serial/libdrivers__serial.a(uart_nrfx_uarte.c.obj)
 .text.uarte_nrfx_config_get
                0x0000c480       0x10 zephyr/drivers/serial/libdrivers__serial.a(uart_nrfx_uarte.c.obj)
 .text.uarte_nrfx_err_check
                0x0000c490        0xe zephyr/drivers/serial/libdrivers__serial.a(uart_nrfx_uarte.c.obj)
 .text.is_tx_ready
                0x0000c49e       0x20 zephyr/drivers/serial/libdrivers__serial.a(uart_nrfx_uarte.c.obj)
 .text.uarte_nrfx_poll_in
                0x0000c4be       0x26 zephyr/drivers/serial/libdrivers__serial.a(uart_nrfx_uarte.c.obj)
 .text.uarte_nrfx_fifo_read
                0x0000c4e4       0x28 zephyr/drivers/serial/libdrivers__serial.a(uart_nrfx_uarte.c.obj)
 .text.uarte_nrfx_irq_tx_enable
                0x0000c50c       0x2e zephyr/drivers/serial/libdrivers__serial.a(uart_nrfx_uarte.c.obj)
 .text.uarte_nrfx_irq_tx_disable
                0x0000c53a        0xa zephyr/drivers/serial/libdrivers__serial.a(uart_nrfx_uarte.c.obj)
 .text.uarte_nrfx_irq_tx_ready_complete
                0x0000c544       0x2a zephyr/drivers/serial/libdrivers__serial.a(uart_nrfx_uarte.c.obj)
 .text.uarte_nrfx_irq_rx_ready
                0x0000c56e       0x10 zephyr/drivers/serial/libdrivers__serial.a(uart_nrfx_uarte.c.obj)
 .text.uarte_nrfx_irq_rx_enable
                0x0000c57e        0xc zephyr/drivers/serial/libdrivers__serial.a(uart_nrfx_uarte.c.obj)
 .text.uarte_nrfx_irq_rx_disable
                0x0000c58a        0xc zephyr/drivers/serial/libdrivers__serial.a(uart_nrfx_uarte.c.obj)
 .text.uarte_nrfx_irq_err_enable
                0x0000c596        0xe zephyr/drivers/serial/libdrivers__serial.a(uart_nrfx_uarte.c.obj)
 .text.uarte_nrfx_irq_err_disable
                0x0000c5a4        0xe zephyr/drivers/serial/libdrivers__serial.a(uart_nrfx_uarte.c.obj)
 .text.uarte_nrfx_irq_update
                0x0000c5b2        0x4 zephyr/drivers/serial/libdrivers__serial.a(uart_nrfx_uarte.c.obj)
 .text.uarte_nrfx_irq_callback_set
                0x0000c5b6        0xa zephyr/drivers/serial/libdrivers__serial.a(uart_nrfx_uarte.c.obj)
 .text.tx_start
                0x0000c5c0       0x38 zephyr/drivers/serial/libdrivers__serial.a(uart_nrfx_uarte.c.obj)
 .text.uarte_nrfx_fifo_fill
                0x0000c5f8       0x80 zephyr/drivers/serial/libdrivers__serial.a(uart_nrfx_uarte.c.obj)
 .text.uarte_nrfx_irq_is_pending
                0x0000c678       0x36 zephyr/drivers/serial/libdrivers__serial.a(uart_nrfx_uarte.c.obj)
 .text.uarte_0_init
                0x0000c6ae       0x1e zephyr/drivers/serial/libdrivers__serial.a(uart_nrfx_uarte.c.obj)
 .text.uarte_1_init
                0x0000c6cc       0x1e zephyr/drivers/serial/libdrivers__serial.a(uart_nrfx_uarte.c.obj)
 .text.fprotect_area
                0x0000c6ea        0x6 modules/nrf/lib/fprotect/lib..__nrf__lib__fprotect.a(fprotect_acl.c.obj)
                0x0000c6ea                fprotect_area
 .text.hw_cc3xx_init_internal
                0x0000c6f0        0x4 modules/nrf/drivers/hw_cc310/lib..__nrf__drivers__hw_cc310.a(hw_cc310.c.obj)
 .text.hw_cc3xx_init
                0x0000c6f4       0x12 modules/nrf/drivers/hw_cc310/lib..__nrf__drivers__hw_cc310.a(hw_cc310.c.obj)
 .text.bootutil_buffer_is_erased.part.0
                0x0000c706       0x22 modules/mcuboot/boot/bootutil/zephyr/libmcuboot_util.a(bootutil_public.c.obj)
 .text.boot_swap_info_off
                0x0000c728        0x6 modules/mcuboot/boot/bootutil/zephyr/libmcuboot_util.a(bootutil_public.c.obj)
                0x0000c728                boot_swap_info_off
 .text.boot_magic_compatible_check
                0x0000c72e       0x1c modules/mcuboot/boot/bootutil/zephyr/libmcuboot_util.a(bootutil_public.c.obj)
                0x0000c72e                boot_magic_compatible_check
 .text.bootutil_buffer_is_erased
                0x0000c74a        0xc modules/mcuboot/boot/bootutil/zephyr/libmcuboot_util.a(bootutil_public.c.obj)
                0x0000c74a                bootutil_buffer_is_erased
 .text.boot_read_flag
                0x0000c756       0x3a modules/mcuboot/boot/bootutil/zephyr/libmcuboot_util.a(bootutil_public.c.obj)
 .text.boot_write_trailer
                0x0000c790       0x5e modules/mcuboot/boot/bootutil/zephyr/libmcuboot_util.a(bootutil_public.c.obj)
                0x0000c790                boot_write_trailer
 .text.boot_write_trailer_flag
                0x0000c7ee       0x14 modules/mcuboot/boot/bootutil/zephyr/libmcuboot_util.a(bootutil_public.c.obj)
                0x0000c7ee                boot_write_trailer_flag
 .text.boot_write_image_ok
                0x0000c802        0xa modules/mcuboot/boot/bootutil/zephyr/libmcuboot_util.a(bootutil_public.c.obj)
                0x0000c802                boot_write_image_ok
 .text.boot_read_image_ok
                0x0000c80c        0x8 modules/mcuboot/boot/bootutil/zephyr/libmcuboot_util.a(bootutil_public.c.obj)
                0x0000c80c                boot_read_image_ok
 .text.boot_read_swap_state_by_id
                0x0000c814       0x28 modules/mcuboot/boot/bootutil/zephyr/libmcuboot_util.a(bootutil_public.c.obj)
                0x0000c814                boot_read_swap_state_by_id
 .text.boot_write_swap_info
                0x0000c83c       0x1e modules/mcuboot/boot/bootutil/zephyr/libmcuboot_util.a(bootutil_public.c.obj)
                0x0000c83c                boot_write_swap_info
 .text.boot_set_pending_multi
                0x0000c85a       0x74 modules/mcuboot/boot/bootutil/zephyr/libmcuboot_util.a(bootutil_public.c.obj)
                0x0000c85a                boot_set_pending_multi
 .text.boot_set_pending
                0x0000c8ce        0x8 modules/mcuboot/boot/bootutil/zephyr/libmcuboot_util.a(bootutil_public.c.obj)
                0x0000c8ce                boot_set_pending
 .text.nrfx_isr
                0x0000c8d6        0x2 modules/hal_nordic/nrfx/libmodules__hal_nordic__nrfx.a(nrfx_glue.c.obj)
                0x0000c8d6                nrfx_isr
 .text.nrfx_busy_wait
                0x0000c8d8        0x4 modules/hal_nordic/nrfx/libmodules__hal_nordic__nrfx.a(nrfx_glue.c.obj)